🛡️ Rapport de sécurité – 01/06/2026 à 16h00
==========================================================

📌 Uptime et charge système :
 16:00:19 up 129 days, 21:52,  1 user,  load average: 2.80, 3.69, 5.50

📌 Connexions SSH actives :
root     ttyAMA0      Jan 24 10:24

📌 Derniers redémarrages :
reboot   system boot  6.1.0-37-arm64   Thu Jan 22 17:07   still running
reboot   system boot  6.1.0-37-arm64   Thu Jan 22 17:01   still running
reboot   system boot  6.1.0-37-arm64   Thu Jan 22 16:50   still running
reboot   system boot  6.1.0-37-arm64   Thu Jan 22 16:32   still running
reboot   system boot  6.1.0-37-arm64   Sun Dec  7 12:34   still running
reboot   system boot  6.1.0-37-arm64   Sat Dec  6 19:07   still running
reboot   system boot  6.1.0-37-arm64   Sat Dec  6 15:03   still running
reboot   system boot  6.1.0-37-arm64   Mon Oct 20 06:18   still running
reboot   system boot  6.1.0-37-arm64   Fri Oct 10 09:56   still running
reboot   system boot  6.1.0-37-arm64   Thu Oct  9 09:20   still running

📌 Utilisation disque :
Filesystem      Size  Used Avail Use% Mounted on
udev            940M     0  940M   0% /dev
tmpfs           198M 1004K  197M   1% /run
/dev/vda2        28G   27G  470M  99% /
tmpfs           989M     0  989M   0% /dev/shm
tmpfs           5.0M     0  5.0M   0% /run/lock
/dev/vda1       512M  6.1M  506M   2% /boot/efi
overlay          28G   27G  470M  99% /var/lib/docker/overlay2/c8a1d2e12effca01832468cef9a6c17f8dd37c14fad0c48cddd4fd0df289d136/merged
tmpfs           198M  4.0K  198M   1% /run/user/0
/dev/loop2       93M   93M     0 100% /snap/core/17288
/dev/loop4       42M   42M     0 100% /snap/snapd/26383
/dev/loop5       62M   62M     0 100% /snap/core24/1588
/dev/loop0       69M   69M     0 100% /snap/certbot/5529
/dev/loop3       93M   93M     0 100% /snap/core/17290
/dev/loop6       43M   43M     0 100% /snap/snapd/26869
/dev/loop7       69M   69M     0 100% /snap/certbot/5604
/dev/loop8       62M   62M     0 100% /snap/core24/1644

📌 Utilisation mémoire (RAM + Swap) :
               total        used        free      shared  buff/cache   available
Mem:           1.9Gi       350Mi       180Mi       884Ki       1.5Gi       1.6Gi
Swap:          975Mi       376Mi       599Mi

📌 Détail mémoire :
RAM utilisée : 378 MiB / 1977 MiB (19.12%)
SWAP utilisée : 376 MiB / 975 MiB (38.56%)

📌 Top 10 processus utilisant le plus de RAM :
USER         PID %MEM   RSS COMMAND
jonathan 2908536  4.2 85296 node
jonathan 2908524  3.0 61540 npm run preview
root     3860408  1.3 27444 snapd
root     1262233  1.3 26516 dockerd
root     2899827  0.9 19872 systemd-journal
999      1268356  0.8 17652 mysqld
root         720  0.7 14724 containerd
root     1268259  0.5 12120 containerd-shim
root     3625758  0.4  9436 systemd
root           1  0.4  8360 systemd

📌 Nombre total de processus par utilisateur (top 5) :
     96 root
      7 jonathan
      1 systemd-timesync
      1 messagebus
      1 999

📌 Consommation mémoire par type de processus :
node                 : 4.20%
snapd                : 1.30%
dockerd              : 1.30%
systemd-journal      : 0.90%
systemd              : 0.80%
mysqld               : 0.80%
containerd           : 0.70%
containerd-shim      : 0.50%
systemd-logind       : 0.30%
esbuild              : 0.30%
sshd                 : 0.20%
systemd-udevd        : 0.10%
systemd-timesyn      : 0.10%
su                   : 0.10%
ps                   : 0.10%

📌 Top processus gourmands CPU :
USER         PID %CPU %MEM    VSZ   RSS TTY      STAT START   TIME COMMAND
root     2908619  100  0.2   9124  4388 ?        R    16:00   0:00 ps aux --sort=-%cpu
jonathan 2908590 89.8  0.0      0     0 ?        R    16:00   0:00 [node]
root     2908572 88.0  3.8 861756 78408 ?        Rsl  16:00   0:00 npm install
jonathan 2908560 29.1  3.1 849232 63080 ?        Ssl  16:00   0:00 npm run dev --host 0.0.0.0 --port 5173
jonathan 2908605 12.5  0.3 1234800 7948 ?        Sl   16:00   0:00 /usr/lib/node_modules/vite/node_modules/@esbuild/linux-arm64/bin/esbuild --service=0.25.5 --ping
999      1268356  1.2  0.8 1739820 17656 ?       Ssl  Jan24 2374:20 mysqld
root           1  0.7  0.4 168924  8360 ?        Ss   Jan22 1366:48 /sbin/init
root     2899827  0.3  0.9  49788 19896 ?        Ss   15:50   0:02 /lib/systemd/systemd-journald
root          14  0.3  0.0      0     0 ?        I    Jan22 595:43 [rcu_sched]

📌 Ports ouverts (hors localhost) :
Netid State  Recv-Q Send-Q Local Address:Port  Peer Address:PortProcess
udp   UNCONN 0      0            0.0.0.0:68         0.0.0.0:*          
tcp   LISTEN 0      128          0.0.0.0:22         0.0.0.0:*          
tcp   LISTEN 0      128             [::]:22            [::]:*          

📌 Services en échec :
  UNIT                       LOAD   ACTIVE SUB    DESCRIPTION
* mariadb.service            loaded failed failed MariaDB 10.11.11 database server
* nginx.service              loaded failed failed A high performance web server and a reverse proxy server
* snap.certbot.renew.service loaded failed failed Service for snap application certbot.renew
* snapd.seeded.service       loaded failed failed Wait until snapd is fully seeded

LOAD   = Reflects whether the unit definition was properly loaded.
ACTIVE = The high-level unit activation state, i.e. generalization of SUB.
SUB    = The low-level unit activation state, values depend on unit type.
4 loaded units listed.

📌 Derniers paquets installés :

📌 Utilisateurs système :
_apt
backup
bin
daemon
games
irc
jonathan
list
lp
mail
man
messagebus
mysql
news
nobody
proxy
root
sshd
sync
sys
systemd-network
systemd-timesync
uucp
www-data

📌 Utilisateurs autorisés sudo :
sudo:x:27:

📌 Tentatives sudo échouées :

📌 Vérification des logs web (Nginx/Apache/autres) :
⚠️ /var/log/nginx/access.log est vide.
❌ /var/log/apache2/access.log est introuvable.
❌ /var/www/sarahHasaera/logs/access.log est introuvable.

📌 IPs actives dans les logs :

🚨 Recherche d’activité suspecte :

🔎 Failed password dans /var/log/nginx/access.log :

🔎 Invalid user dans /var/log/nginx/access.log :

🔎 authentication failure dans /var/log/nginx/access.log :

🔎 Did not receive identification string dans /var/log/nginx/access.log :

🔎 possible break-in attempt dans /var/log/nginx/access.log :

🔎 403 dans /var/log/nginx/access.log :

🔎 404 dans /var/log/nginx/access.log :

🔎 SQL syntax dans /var/log/nginx/access.log :

🔎 wp-login dans /var/log/nginx/access.log :
