🛡️ Rapport de sécurité – 14/05/2026 à 04h00
==========================================================

📌 Uptime et charge système :
 04:00:04 up 111 days,  9:52,  1 user,  load average: 2.35, 2.46, 2.91

📌 Connexions SSH actives :
root     ttyAMA0      Jan 24 10:24

📌 Derniers redémarrages :
reboot   system boot  6.1.0-37-arm64   Thu Jan 22 17:07   still running
reboot   system boot  6.1.0-37-arm64   Thu Jan 22 17:01   still running
reboot   system boot  6.1.0-37-arm64   Thu Jan 22 16:50   still running
reboot   system boot  6.1.0-37-arm64   Thu Jan 22 16:32   still running
reboot   system boot  6.1.0-37-arm64   Sun Dec  7 12:34   still running
reboot   system boot  6.1.0-37-arm64   Sat Dec  6 19:07   still running
reboot   system boot  6.1.0-37-arm64   Sat Dec  6 15:03   still running
reboot   system boot  6.1.0-37-arm64   Mon Oct 20 06:18   still running
reboot   system boot  6.1.0-37-arm64   Fri Oct 10 09:56   still running
reboot   system boot  6.1.0-37-arm64   Thu Oct  9 09:20   still running

📌 Utilisation disque :
Filesystem      Size  Used Avail Use% Mounted on
udev            940M     0  940M   0% /dev
tmpfs           198M 1008K  197M   1% /run
/dev/vda2        28G   26G  673M  98% /
tmpfs           989M     0  989M   0% /dev/shm
tmpfs           5.0M     0  5.0M   0% /run/lock
/dev/vda1       512M  6.1M  506M   2% /boot/efi
overlay          28G   26G  673M  98% /var/lib/docker/overlay2/c8a1d2e12effca01832468cef9a6c17f8dd37c14fad0c48cddd4fd0df289d136/merged
tmpfs           198M  4.0K  198M   1% /run/user/0
/dev/loop1       62M   62M     0 100% /snap/core24/1500
/dev/loop2       93M   93M     0 100% /snap/core/17288
/dev/loop4       42M   42M     0 100% /snap/snapd/26383
/dev/loop5       62M   62M     0 100% /snap/core24/1588
/dev/loop0       69M   69M     0 100% /snap/certbot/5529
/dev/loop3       93M   93M     0 100% /snap/core/17290
/dev/loop6       43M   43M     0 100% /snap/snapd/26869
/dev/loop7       69M   69M     0 100% /snap/certbot/5604

📌 Utilisation mémoire (RAM + Swap) :
               total        used        free      shared  buff/cache   available
Mem:           1.9Gi       401Mi       103Mi       900Ki       1.5Gi       1.5Gi
Swap:          975Mi       375Mi       600Mi

📌 Détail mémoire :
RAM utilisée : 361 MiB / 1977 MiB (18.26%)
SWAP utilisée : 375 MiB / 975 MiB (38.46%)

📌 Top 10 processus utilisant le plus de RAM :
USER         PID %MEM   RSS COMMAND
root     1833815  4.9 100332 npm install
root     3860408  1.5 30588 snapd
root     1812028  1.3 26940 systemd-journal
root     1262233  1.3 26692 dockerd
999      1268356  0.8 17704 mysqld
root         720  0.7 14680 containerd
root     1268259  0.6 12252 containerd-shim
root     3625758  0.4  9572 systemd
root           1  0.4  8624 systemd
root     3246066  0.3  7392 systemd-logind

📌 Nombre total de processus par utilisateur (top 5) :
     97 root
      1 systemd-timesync
      1 messagebus
      1 jonathan
      1 999

📌 Consommation mémoire par type de processus :
node                 : 1.60%
snapd                : 1.50%
systemd-journal      : 1.30%
dockerd              : 1.30%
systemd              : 0.80%
mysqld               : 0.80%
containerd           : 0.70%
containerd-shim      : 0.60%
systemd-logind       : 0.30%
sshd                 : 0.20%
systemd-udevd        : 0.10%
systemd-timesyn      : 0.10%
su                   : 0.10%
ps                   : 0.10%
dbus-daemon          : 0.10%

📌 Top processus gourmands CPU :
USER         PID %CPU %MEM    VSZ   RSS TTY      STAT START   TIME COMMAND
root     1833815  100  4.9 1077468 100592 ?      Rsl  04:00   0:02 npm install
root     1833905 50.0  0.2   9124  4388 ?        R    04:00   0:00 ps aux --sort=-%cpu
jonathan 1833888 45.4  1.9 481472 39632 ?        Rsl  04:00   0:00 node /usr/bin/npm run dev -- --host 0.0.0.0 --port 5173
root     1833848  1.8  0.1   3792  2784 ?        S    04:00   0:00 /bin/bash ./analyser_logs.sh
999      1268356  1.2  0.8 1739820 17704 ?       Ssl  Jan24 2031:36 mysqld
root           1  0.7  0.4 169052  8624 ?        Ss   Jan22 1172:24 /sbin/init
root          14  0.3  0.0      0     0 ?        I    Jan22 510:14 [rcu_sched]
root     1812028  0.3  1.3  57968 26940 ?        Ss   03:32   0:05 /lib/systemd/systemd-journald
message+     508  0.1  0.1   9540  2624 ?        Ss   Jan22 259:47 /usr/bin/dbus-daemon --system --address=systemd: --nofork --nopidfile --systemd-activation --syslog-only

📌 Ports ouverts (hors localhost) :
Netid State  Recv-Q Send-Q Local Address:Port  Peer Address:PortProcess
udp   UNCONN 0      0            0.0.0.0:68         0.0.0.0:*          
tcp   LISTEN 0      128          0.0.0.0:22         0.0.0.0:*          
tcp   LISTEN 0      128             [::]:22            [::]:*          

📌 Services en échec :
  UNIT                       LOAD   ACTIVE SUB    DESCRIPTION
* mariadb.service            loaded failed failed MariaDB 10.11.11 database server
* nginx.service              loaded failed failed A high performance web server and a reverse proxy server
* snap.certbot.renew.service loaded failed failed Service for snap application certbot.renew
* snapd.seeded.service       loaded failed failed Wait until snapd is fully seeded

LOAD   = Reflects whether the unit definition was properly loaded.
ACTIVE = The high-level unit activation state, i.e. generalization of SUB.
SUB    = The low-level unit activation state, values depend on unit type.
4 loaded units listed.

📌 Derniers paquets installés :

📌 Utilisateurs système :
_apt
backup
bin
daemon
games
irc
jonathan
list
lp
mail
man
messagebus
mysql
news
nobody
proxy
root
sshd
sync
sys
systemd-network
systemd-timesync
uucp
www-data

📌 Utilisateurs autorisés sudo :
sudo:x:27:

📌 Tentatives sudo échouées :

📌 Vérification des logs web (Nginx/Apache/autres) :
⚠️ /var/log/nginx/access.log est vide.
❌ /var/log/apache2/access.log est introuvable.
❌ /var/www/sarahHasaera/logs/access.log est introuvable.

📌 IPs actives dans les logs :

🚨 Recherche d’activité suspecte :

🔎 Failed password dans /var/log/nginx/access.log :

🔎 Invalid user dans /var/log/nginx/access.log :

🔎 authentication failure dans /var/log/nginx/access.log :

🔎 Did not receive identification string dans /var/log/nginx/access.log :

🔎 possible break-in attempt dans /var/log/nginx/access.log :

🔎 403 dans /var/log/nginx/access.log :

🔎 404 dans /var/log/nginx/access.log :

🔎 SQL syntax dans /var/log/nginx/access.log :

🔎 wp-login dans /var/log/nginx/access.log :
