🛡️ Rapport de sécurité – 02/04/2026 à 02h00
==========================================================

📌 Uptime et charge système :
 02:00:03 up 69 days,  7:52,  1 user,  load average: 2.47, 2.42, 2.46

📌 Connexions SSH actives :
root     ttyAMA0      Jan 24 10:24

📌 Derniers redémarrages :
reboot   system boot  6.1.0-37-arm64   Thu Jan 22 17:07   still running
reboot   system boot  6.1.0-37-arm64   Thu Jan 22 17:01   still running
reboot   system boot  6.1.0-37-arm64   Thu Jan 22 16:50   still running
reboot   system boot  6.1.0-37-arm64   Thu Jan 22 16:32   still running
reboot   system boot  6.1.0-37-arm64   Sun Dec  7 12:34   still running
reboot   system boot  6.1.0-37-arm64   Sat Dec  6 19:07   still running
reboot   system boot  6.1.0-37-arm64   Sat Dec  6 15:03   still running
reboot   system boot  6.1.0-37-arm64   Mon Oct 20 06:18   still running
reboot   system boot  6.1.0-37-arm64   Fri Oct 10 09:56   still running
reboot   system boot  6.1.0-37-arm64   Thu Oct  9 09:20   still running

📌 Utilisation disque :
Filesystem      Size  Used Avail Use% Mounted on
udev            940M     0  940M   0% /dev
tmpfs           198M 1004K  197M   1% /run
/dev/vda2        28G   26G  1.2G  96% /
tmpfs           989M     0  989M   0% /dev/shm
tmpfs           5.0M     0  5.0M   0% /run/lock
/dev/vda1       512M  6.1M  506M   2% /boot/efi
overlay          28G   26G  1.2G  96% /var/lib/docker/overlay2/c8a1d2e12effca01832468cef9a6c17f8dd37c14fad0c48cddd4fd0df289d136/merged
/dev/loop7       42M   42M     0 100% /snap/snapd/25939
/dev/loop6       93M   93M     0 100% /snap/core/17276
tmpfs           198M  4.0K  198M   1% /run/user/0
/dev/loop3       68M   68M     0 100% /snap/certbot/5371
/dev/loop1       62M   62M     0 100% /snap/core24/1500
/dev/loop8       68M   68M     0 100% /snap/certbot/5452
/dev/loop2       93M   93M     0 100% /snap/core/17288
/dev/loop4       42M   42M     0 100% /snap/snapd/26383
/dev/loop5       62M   62M     0 100% /snap/core24/1588

📌 Utilisation mémoire (RAM + Swap) :
               total        used        free      shared  buff/cache   available
Mem:           1.9Gi       353Mi       152Mi       900Ki       1.5Gi       1.6Gi
Swap:          975Mi       373Mi       602Mi

📌 Détail mémoire :
RAM utilisée : 353 MiB / 1977 MiB (17.86%)
SWAP utilisée : 373 MiB / 975 MiB (38.26%)

📌 Top 10 processus utilisant le plus de RAM :
USER         PID %MEM   RSS COMMAND
root     1890862  4.6 94300 npm install
root     1762600  4.2 86112 systemd-journal
root     2320128  1.5 32076 snapd
root     1262233  1.3 26580 dockerd
999      1268356  0.9 20140 mysqld
root         720  0.7 14588 containerd
root     1268259  0.5 12112 containerd-shim
root     3625758  0.4  9948 systemd
root           1  0.4  8460 systemd
root      496776  0.3  7436 systemd-logind

📌 Nombre total de processus par utilisateur (top 5) :
     97 root
      1 systemd-timesync
      1 messagebus
      1 jonathan
      1 999

📌 Consommation mémoire par type de processus :
systemd-journal      : 4.20%
npm                  : 1.90%
snapd                : 1.50%
dockerd              : 1.30%
mysqld               : 0.90%
systemd              : 0.80%
containerd           : 0.70%
containerd-shim      : 0.50%
systemd-logind       : 0.30%
sshd                 : 0.30%
systemd-udevd        : 0.10%
systemd-timesyn      : 0.10%
su                   : 0.10%
ps                   : 0.10%
dbus-daemon          : 0.10%

📌 Top processus gourmands CPU :
USER         PID %CPU %MEM    VSZ   RSS TTY      STAT START   TIME COMMAND
root     1890862  109  4.6 876712 94564 ?        Rsl  02:00   0:01 npm install
root     1890924  100  0.2   9124  4384 ?        R    02:00   0:00 ps aux --sort=-%cpu
jonathan 1890907 86.6  2.3 744896 47764 ?        Rsl  02:00   0:00 npm
root     1890876  7.1  0.1   3792  2780 ?        S    02:00   0:00 /bin/bash ./analyser_logs.sh
999      1268356  1.2  0.9 1739820 20140 ?       Ssl  Jan24 1249:18 mysqld
root           1  0.7  0.4 168916  8460 ?        Ss   Jan22 731:15 /sbin/init
root     1762600  0.3  4.2 131696 86112 ?        Ss   Apr01   0:31 /lib/systemd/systemd-journald
root          14  0.3  0.0      0     0 ?        I    Jan22 315:29 [rcu_sched]
message+     508  0.1  0.1   9540  2668 ?        Ss   Jan22 159:41 /usr/bin/dbus-daemon --system --address=systemd: --nofork --nopidfile --systemd-activation --syslog-only

📌 Ports ouverts (hors localhost) :
Netid State  Recv-Q Send-Q Local Address:Port  Peer Address:PortProcess
udp   UNCONN 0      0            0.0.0.0:68         0.0.0.0:*          
tcp   LISTEN 0      128          0.0.0.0:22         0.0.0.0:*          
tcp   LISTEN 0      128             [::]:22            [::]:*          

📌 Services en échec :
  UNIT                       LOAD   ACTIVE SUB    DESCRIPTION
* mariadb.service            loaded failed failed MariaDB 10.11.11 database server
* nginx.service              loaded failed failed A high performance web server and a reverse proxy server
* snap.certbot.renew.service loaded failed failed Service for snap application certbot.renew
* snapd.seeded.service       loaded failed failed Wait until snapd is fully seeded

LOAD   = Reflects whether the unit definition was properly loaded.
ACTIVE = The high-level unit activation state, i.e. generalization of SUB.
SUB    = The low-level unit activation state, values depend on unit type.
4 loaded units listed.

📌 Derniers paquets installés :

📌 Utilisateurs système :
_apt
backup
bin
daemon
games
irc
jonathan
list
lp
mail
man
messagebus
mysql
news
nobody
proxy
root
sshd
sync
sys
systemd-network
systemd-timesync
uucp
www-data

📌 Utilisateurs autorisés sudo :
sudo:x:27:

📌 Tentatives sudo échouées :

📌 Vérification des logs web (Nginx/Apache/autres) :
⚠️ /var/log/nginx/access.log est vide.
❌ /var/log/apache2/access.log est introuvable.
❌ /var/www/sarahHasaera/logs/access.log est introuvable.

📌 IPs actives dans les logs :

🚨 Recherche d’activité suspecte :

🔎 Failed password dans /var/log/nginx/access.log :

🔎 Invalid user dans /var/log/nginx/access.log :

🔎 authentication failure dans /var/log/nginx/access.log :

🔎 Did not receive identification string dans /var/log/nginx/access.log :

🔎 possible break-in attempt dans /var/log/nginx/access.log :

🔎 403 dans /var/log/nginx/access.log :

🔎 404 dans /var/log/nginx/access.log :

🔎 SQL syntax dans /var/log/nginx/access.log :

🔎 wp-login dans /var/log/nginx/access.log :
