🛡️ Rapport de sécurité – 28/03/2026 à 10h00
==========================================================

📌 Uptime et charge système :
 10:00:06 up 64 days, 16:52,  1 user,  load average: 3.17, 2.58, 2.60

📌 Connexions SSH actives :
root     ttyAMA0      Jan 24 10:24

📌 Derniers redémarrages :
reboot   system boot  6.1.0-37-arm64   Thu Jan 22 17:07   still running
reboot   system boot  6.1.0-37-arm64   Thu Jan 22 17:01   still running
reboot   system boot  6.1.0-37-arm64   Thu Jan 22 16:50   still running
reboot   system boot  6.1.0-37-arm64   Thu Jan 22 16:32   still running
reboot   system boot  6.1.0-37-arm64   Sun Dec  7 12:34   still running
reboot   system boot  6.1.0-37-arm64   Sat Dec  6 19:07   still running
reboot   system boot  6.1.0-37-arm64   Sat Dec  6 15:03   still running
reboot   system boot  6.1.0-37-arm64   Mon Oct 20 06:18   still running
reboot   system boot  6.1.0-37-arm64   Fri Oct 10 09:56   still running
reboot   system boot  6.1.0-37-arm64   Thu Oct  9 09:20   still running

📌 Utilisation disque :
Filesystem      Size  Used Avail Use% Mounted on
udev            940M     0  940M   0% /dev
tmpfs           198M 1008K  197M   1% /run
/dev/vda2        28G   26G  1.3G  96% /
tmpfs           989M     0  989M   0% /dev/shm
tmpfs           5.0M     0  5.0M   0% /run/lock
/dev/vda1       512M  6.1M  506M   2% /boot/efi
overlay          28G   26G  1.3G  96% /var/lib/docker/overlay2/c8a1d2e12effca01832468cef9a6c17f8dd37c14fad0c48cddd4fd0df289d136/merged
/dev/loop7       42M   42M     0 100% /snap/snapd/25939
/dev/loop6       93M   93M     0 100% /snap/core/17276
tmpfs           198M  4.0K  198M   1% /run/user/0
/dev/loop0       62M   62M     0 100% /snap/core24/1350
/dev/loop3       68M   68M     0 100% /snap/certbot/5371
/dev/loop1       62M   62M     0 100% /snap/core24/1500
/dev/loop8       68M   68M     0 100% /snap/certbot/5452
/dev/loop2       93M   93M     0 100% /snap/core/17288
/dev/loop4       42M   42M     0 100% /snap/snapd/26383

📌 Utilisation mémoire (RAM + Swap) :
               total        used        free      shared  buff/cache   available
Mem:           1.9Gi       408Mi       101Mi       904Ki       1.5Gi       1.5Gi
Swap:          975Mi       368Mi       607Mi

📌 Détail mémoire :
RAM utilisée : 410 MiB / 1977 MiB (20.74%)
SWAP utilisée : 368 MiB / 975 MiB (37.74%)

📌 Top 10 processus utilisant le plus de RAM :
USER         PID %MEM   RSS COMMAND
root      447853  4.7 96180 systemd-journal
root      588495  4.6 94304 npm install
jonathan  588519  3.7 75972 node
jonathan  588506  3.1 63448 npm run dev --h
jonathan  588529  1.9 39844 node
root     2320128  1.6 32504 snapd
root     1262233  1.3 26640 dockerd
999      1268356  1.0 22268 mysqld
root         720  0.7 14592 containerd
root     1268259  0.5 12112 containerd-shim

📌 Nombre total de processus par utilisateur (top 5) :
    104 root
      4 jonathan
      1 systemd-timesync
      1 messagebus
      1 999

📌 Consommation mémoire par type de processus :
systemd-journal      : 4.70%
node                 : 4.00%
npm                  : 2.30%
snapd                : 1.60%
dockerd              : 1.30%
mysqld               : 1.00%
systemd              : 0.80%
containerd           : 0.70%
containerd-shim      : 0.50%
systemd-logind       : 0.30%
sshd                 : 0.30%
systemd-udevd        : 0.10%
systemd-timesyn      : 0.10%
su                   : 0.10%
ps                   : 0.10%

📌 Top processus gourmands CPU :
USER         PID %CPU %MEM    VSZ   RSS TTY      STAT START   TIME COMMAND
root      588495 95.7  4.6 876756 94560 ?        Rsl  10:00   0:02 npm install
jonathan  588519 77.1  4.0 1021528 82020 ?       Rl   10:00   0:00 node /usr/bin/vite --host 0.0.0.0 --port 5173
root      588568 50.0  0.1   8156  3720 ?        R    10:00   0:00 ps aux --sort=-%cpu
jonathan  588529 41.6  2.4 745424 48780 ?        Rsl  10:00   0:00 npm
jonathan  588506 35.2  3.1 849232 63448 ?        Ssl  10:00   0:00 npm run dev --host 0.0.0.0 --port 5173
999      1268356  1.2  1.0 1739820 22268 ?       Ssl  Jan24 1163:38 mysqld
root           1  0.7  0.4 168916  8484 ?        Ss   Jan22 683:20 /sbin/init
root      588489  0.6  0.1   3792  2780 ?        S    10:00   0:00 /bin/bash ./analyser_logs.sh
root      447853  0.3  4.7 139800 96180 ?        Ss   07:11   0:34 /lib/systemd/systemd-journald

📌 Ports ouverts (hors localhost) :
Netid State  Recv-Q Send-Q Local Address:Port  Peer Address:PortProcess
udp   UNCONN 0      0            0.0.0.0:68         0.0.0.0:*          
tcp   LISTEN 0      128          0.0.0.0:22         0.0.0.0:*          
tcp   LISTEN 0      128             [::]:22            [::]:*          

📌 Services en échec :
  UNIT                       LOAD   ACTIVE SUB    DESCRIPTION
* mariadb.service            loaded failed failed MariaDB 10.11.11 database server
* nginx.service              loaded failed failed A high performance web server and a reverse proxy server
* snap.certbot.renew.service loaded failed failed Service for snap application certbot.renew
* snapd.seeded.service       loaded failed failed Wait until snapd is fully seeded

LOAD   = Reflects whether the unit definition was properly loaded.
ACTIVE = The high-level unit activation state, i.e. generalization of SUB.
SUB    = The low-level unit activation state, values depend on unit type.
4 loaded units listed.

📌 Derniers paquets installés :

📌 Utilisateurs système :
_apt
backup
bin
daemon
games
irc
jonathan
list
lp
mail
man
messagebus
mysql
news
nobody
proxy
root
sshd
sync
sys
systemd-network
systemd-timesync
uucp
www-data

📌 Utilisateurs autorisés sudo :
sudo:x:27:

📌 Tentatives sudo échouées :

📌 Vérification des logs web (Nginx/Apache/autres) :
⚠️ /var/log/nginx/access.log est vide.
❌ /var/log/apache2/access.log est introuvable.
❌ /var/www/sarahHasaera/logs/access.log est introuvable.

📌 IPs actives dans les logs :

🚨 Recherche d’activité suspecte :

🔎 Failed password dans /var/log/nginx/access.log :

🔎 Invalid user dans /var/log/nginx/access.log :

🔎 authentication failure dans /var/log/nginx/access.log :

🔎 Did not receive identification string dans /var/log/nginx/access.log :

🔎 possible break-in attempt dans /var/log/nginx/access.log :

🔎 403 dans /var/log/nginx/access.log :

🔎 404 dans /var/log/nginx/access.log :

🔎 SQL syntax dans /var/log/nginx/access.log :

🔎 wp-login dans /var/log/nginx/access.log :
