🛡️ Rapport de sécurité – 01/04/2026 à 07h00
==========================================================

📌 Uptime et charge système :
 07:00:05 up 68 days, 12:52,  1 user,  load average: 4.61, 6.35, 5.98

📌 Connexions SSH actives :
root     ttyAMA0      Jan 24 10:24

📌 Derniers redémarrages :
reboot   system boot  6.1.0-37-arm64   Thu Jan 22 17:07   still running
reboot   system boot  6.1.0-37-arm64   Thu Jan 22 17:01   still running
reboot   system boot  6.1.0-37-arm64   Thu Jan 22 16:50   still running
reboot   system boot  6.1.0-37-arm64   Thu Jan 22 16:32   still running
reboot   system boot  6.1.0-37-arm64   Sun Dec  7 12:34   still running
reboot   system boot  6.1.0-37-arm64   Sat Dec  6 19:07   still running
reboot   system boot  6.1.0-37-arm64   Sat Dec  6 15:03   still running
reboot   system boot  6.1.0-37-arm64   Mon Oct 20 06:18   still running
reboot   system boot  6.1.0-37-arm64   Fri Oct 10 09:56   still running
reboot   system boot  6.1.0-37-arm64   Thu Oct  9 09:20   still running

📌 Utilisation disque :
Filesystem      Size  Used Avail Use% Mounted on
udev            940M     0  940M   0% /dev
tmpfs           198M 1012K  197M   1% /run
/dev/vda2        28G   26G  1.2G  96% /
tmpfs           989M     0  989M   0% /dev/shm
tmpfs           5.0M     0  5.0M   0% /run/lock
/dev/vda1       512M  6.1M  506M   2% /boot/efi
overlay          28G   26G  1.2G  96% /var/lib/docker/overlay2/c8a1d2e12effca01832468cef9a6c17f8dd37c14fad0c48cddd4fd0df289d136/merged
/dev/loop7       42M   42M     0 100% /snap/snapd/25939
/dev/loop6       93M   93M     0 100% /snap/core/17276
tmpfs           198M  4.0K  198M   1% /run/user/0
/dev/loop3       68M   68M     0 100% /snap/certbot/5371
/dev/loop1       62M   62M     0 100% /snap/core24/1500
/dev/loop8       68M   68M     0 100% /snap/certbot/5452
/dev/loop2       93M   93M     0 100% /snap/core/17288
/dev/loop4       42M   42M     0 100% /snap/snapd/26383
/dev/loop5       62M   62M     0 100% /snap/core24/1588

📌 Utilisation mémoire (RAM + Swap) :
               total        used        free      shared  buff/cache   available
Mem:           1.9Gi       434Mi        95Mi       904Ki       1.5Gi       1.5Gi
Swap:          975Mi       373Mi       602Mi

📌 Détail mémoire :
RAM utilisée : 439 MiB / 1977 MiB (22.21%)
SWAP utilisée : 373 MiB / 975 MiB (38.26%)

📌 Top 10 processus utilisant le plus de RAM :
USER         PID %MEM   RSS COMMAND
root      939162  4.5 91128 npm install
jonathan  939195  4.2 85152 node
jonathan  939182  3.1 63388 npm run dev --h
root      931886  2.7 55444 python3
root     2320128  1.6 32616 snapd
root     1262233  1.3 26572 dockerd
999      1268356  0.9 20140 mysqld
root      936112  0.7 15936 systemd-journal
root         720  0.7 14580 containerd
root     1268259  0.5 12144 containerd-shim

📌 Nombre total de processus par utilisateur (top 5) :
     98 root
      3 jonathan
      1 systemd-timesync
      1 messagebus
      1 999

📌 Consommation mémoire par type de processus :
python3              : 2.70%
node                 : 1.80%
snapd                : 1.60%
dockerd              : 1.30%
mysqld               : 0.90%
systemd              : 0.80%
systemd-journal      : 0.70%
containerd           : 0.70%
containerd-shim      : 0.50%
systemd-logind       : 0.30%
sshd                 : 0.30%
systemd-udevd        : 0.10%
systemd-timesyn      : 0.10%
su                   : 0.10%
ps                   : 0.10%

📌 Top processus gourmands CPU :
USER         PID %CPU %MEM    VSZ   RSS TTY      STAT START   TIME COMMAND
root      939265  100  0.1   8156  3708 ?        R    07:00   0:00 ps aux --sort=-%cpu
root      939162 95.3  4.6 1073756 93788 ?       Rsl  07:00   0:02 npm install
jonathan  939236 78.6  3.1 849232 62876 ?        Ssl  07:00   0:00 npm run preview --host --port 5173
jonathan  939248 60.0  1.9 481472 39884 ?        Rl   07:00   0:00 node /usr/bin/vite preview --host --port 5173
999      1268356  1.2  0.9 1739820 20144 ?       Ssl  Jan24 1234:34 mysqld
root      939176  0.8  0.1   3792  2784 ?        S    07:00   0:00 /bin/bash ./analyser_logs.sh
root      931886  0.8  2.7 104196 55444 ?        Ss   06:42   0:08 /snap/certbot/5452/bin/python3 -s /snap/certbot/5452/bin/certbot -q renew
root           1  0.7  0.4 168916  8468 ?        Ss   Jan22 723:03 /sbin/init
root          14  0.3  0.0      0     0 ?        I    Jan22 311:49 [rcu_sched]

📌 Ports ouverts (hors localhost) :
Netid State  Recv-Q Send-Q Local Address:Port  Peer Address:PortProcess
udp   UNCONN 0      0            0.0.0.0:68         0.0.0.0:*          
tcp   LISTEN 0      128          0.0.0.0:22         0.0.0.0:*          
tcp   LISTEN 0      128             [::]:22            [::]:*          

📌 Services en échec :
  UNIT                 LOAD   ACTIVE SUB    DESCRIPTION
* mariadb.service      loaded failed failed MariaDB 10.11.11 database server
* nginx.service        loaded failed failed A high performance web server and a reverse proxy server
* snapd.seeded.service loaded failed failed Wait until snapd is fully seeded

LOAD   = Reflects whether the unit definition was properly loaded.
ACTIVE = The high-level unit activation state, i.e. generalization of SUB.
SUB    = The low-level unit activation state, values depend on unit type.
3 loaded units listed.

📌 Derniers paquets installés :

📌 Utilisateurs système :
_apt
backup
bin
daemon
games
irc
jonathan
list
lp
mail
man
messagebus
mysql
news
nobody
proxy
root
sshd
sync
sys
systemd-network
systemd-timesync
uucp
www-data

📌 Utilisateurs autorisés sudo :
sudo:x:27:

📌 Tentatives sudo échouées :

📌 Vérification des logs web (Nginx/Apache/autres) :
⚠️ /var/log/nginx/access.log est vide.
❌ /var/log/apache2/access.log est introuvable.
❌ /var/www/sarahHasaera/logs/access.log est introuvable.

📌 IPs actives dans les logs :

🚨 Recherche d’activité suspecte :

🔎 Failed password dans /var/log/nginx/access.log :

🔎 Invalid user dans /var/log/nginx/access.log :

🔎 authentication failure dans /var/log/nginx/access.log :

🔎 Did not receive identification string dans /var/log/nginx/access.log :

🔎 possible break-in attempt dans /var/log/nginx/access.log :

🔎 403 dans /var/log/nginx/access.log :

🔎 404 dans /var/log/nginx/access.log :

🔎 SQL syntax dans /var/log/nginx/access.log :

🔎 wp-login dans /var/log/nginx/access.log :
