🛡️ Rapport de sécurité – 16/03/2026 à 05h00
==========================================================

📌 Uptime et charge système :
 05:00:04 up 52 days, 11:52,  1 user,  load average: 2.20, 3.02, 3.04

📌 Connexions SSH actives :
root     ttyAMA0      Jan 24 10:24

📌 Derniers redémarrages :
reboot   system boot  6.1.0-37-arm64   Thu Jan 22 17:07   still running
reboot   system boot  6.1.0-37-arm64   Thu Jan 22 17:01   still running
reboot   system boot  6.1.0-37-arm64   Thu Jan 22 16:50   still running
reboot   system boot  6.1.0-37-arm64   Thu Jan 22 16:32   still running
reboot   system boot  6.1.0-37-arm64   Sun Dec  7 12:34   still running
reboot   system boot  6.1.0-37-arm64   Sat Dec  6 19:07   still running
reboot   system boot  6.1.0-37-arm64   Sat Dec  6 15:03   still running
reboot   system boot  6.1.0-37-arm64   Mon Oct 20 06:18   still running
reboot   system boot  6.1.0-37-arm64   Fri Oct 10 09:56   still running
reboot   system boot  6.1.0-37-arm64   Thu Oct  9 09:20   still running

📌 Utilisation disque :
Filesystem      Size  Used Avail Use% Mounted on
udev            940M     0  940M   0% /dev
tmpfs           198M 1000K  197M   1% /run
/dev/vda2        28G   26G  974M  97% /
tmpfs           989M     0  989M   0% /dev/shm
tmpfs           5.0M     0  5.0M   0% /run/lock
/dev/loop4       92M   92M     0 100% /snap/core/17250
/dev/loop5       45M   45M     0 100% /snap/snapd/25205
/dev/vda1       512M  6.1M  506M   2% /boot/efi
overlay          28G   26G  974M  97% /var/lib/docker/overlay2/c8a1d2e12effca01832468cef9a6c17f8dd37c14fad0c48cddd4fd0df289d136/merged
/dev/loop7       42M   42M     0 100% /snap/snapd/25939
/dev/loop6       93M   93M     0 100% /snap/core/17276
tmpfs           198M     0  198M   0% /run/user/0
/dev/loop0       62M   62M     0 100% /snap/core24/1350
/dev/loop3       68M   68M     0 100% /snap/certbot/5371
/dev/loop1       62M   62M     0 100% /snap/core24/1500
/dev/loop8       68M   68M     0 100% /snap/certbot/5452

📌 Utilisation mémoire (RAM + Swap) :
               total        used        free      shared  buff/cache   available
Mem:           1.9Gi       405Mi       103Mi       888Ki       1.5Gi       1.5Gi
Swap:          975Mi       369Mi       606Mi

📌 Détail mémoire :
RAM utilisée : 405 MiB / 1977 MiB (20.49%)
SWAP utilisée : 369 MiB / 975 MiB (37.85%)

📌 Top 10 processus utilisant le plus de RAM :
USER         PID %MEM   RSS COMMAND
root     2779706  5.6 113976 systemd-journal
root     2955980  4.6 94312 npm install
jonathan 2956022  4.1 84760 node
jonathan 2956010  3.1 63400 npm run preview
root      798572  1.6 33648 snapd
root     1262233  1.3 26668 dockerd
999      1268356  1.1 22424 mysqld
root         720  0.7 14496 containerd
root     1268259  0.6 12288 containerd-shim
root           1  0.4  8528 systemd

📌 Nombre total de processus par utilisateur (top 5) :
     94 root
      4 jonathan
      1 systemd-timesync
      1 messagebus
      1 999

📌 Consommation mémoire par type de processus :
systemd-journal      : 5.60%
node                 : 4.20%
snapd                : 1.60%
dockerd              : 1.30%
mysqld               : 1.10%
containerd           : 0.70%
containerd-shim      : 0.60%
systemd              : 0.40%
esbuild              : 0.40%
systemd-logind       : 0.30%
sshd                 : 0.30%
systemd-udevd        : 0.10%
systemd-timesyn      : 0.10%
su                   : 0.10%
ps                   : 0.10%

📌 Top processus gourmands CPU :
USER         PID %CPU %MEM    VSZ   RSS TTY      STAT START   TIME COMMAND
root     2956082  100  0.2   9124  4388 ?        R    05:00   0:00 ps aux --sort=-%cpu
root     2955980 93.6  4.6 1074888 94832 ?       Rsl  05:00   0:02 npm install
jonathan 2956022 84.4  3.9 21991100 80684 ?      Rl   05:00   0:00 node /usr/bin/vite preview --host --port 5173
jonathan 2956010 30.5  3.1 849232 63400 ?        Ssl  05:00   0:00 npm run preview --host --port 5173
jonathan 2956063  6.6  0.4 1234800 8504 ?        Sl   05:00   0:00 /usr/lib/node_modules/vite/node_modules/@esbuild/linux-arm64/bin/esbuild --service=0.25.5 --ping
root     2956032  2.9  0.1   3792  2788 ?        S    05:00   0:00 /bin/bash ./analyser_logs.sh
999      1268356  1.2  1.1 1739820 22424 ?       Ssl  Jan24 937:33 mysqld
root           1  0.7  0.4 168920  8528 ?        Ss   Jan22 556:51 /sbin/init
root     2779706  0.3  5.6 160372 113976 ?       Ss   01:27   0:42 /lib/systemd/systemd-journald

📌 Ports ouverts (hors localhost) :
Netid State  Recv-Q Send-Q Local Address:Port  Peer Address:PortProcess
udp   UNCONN 0      0            0.0.0.0:68         0.0.0.0:*          
tcp   LISTEN 0      128          0.0.0.0:22         0.0.0.0:*          
tcp   LISTEN 0      128             [::]:22            [::]:*          

📌 Services en échec :
  UNIT                       LOAD   ACTIVE SUB    DESCRIPTION
* mariadb.service            loaded failed failed MariaDB 10.11.11 database server
* nginx.service              loaded failed failed A high performance web server and a reverse proxy server
* snap.certbot.renew.service loaded failed failed Service for snap application certbot.renew
* snapd.seeded.service       loaded failed failed Wait until snapd is fully seeded
* user@0.service             loaded failed failed User Manager for UID 0

LOAD   = Reflects whether the unit definition was properly loaded.
ACTIVE = The high-level unit activation state, i.e. generalization of SUB.
SUB    = The low-level unit activation state, values depend on unit type.
5 loaded units listed.

📌 Derniers paquets installés :

📌 Utilisateurs système :
_apt
backup
bin
daemon
games
irc
jonathan
list
lp
mail
man
messagebus
mysql
news
nobody
proxy
root
sshd
sync
sys
systemd-network
systemd-timesync
uucp
www-data

📌 Utilisateurs autorisés sudo :
sudo:x:27:

📌 Tentatives sudo échouées :

📌 Vérification des logs web (Nginx/Apache/autres) :
⚠️ /var/log/nginx/access.log est vide.
❌ /var/log/apache2/access.log est introuvable.
❌ /var/www/sarahHasaera/logs/access.log est introuvable.

📌 IPs actives dans les logs :

🚨 Recherche d’activité suspecte :

🔎 Failed password dans /var/log/nginx/access.log :

🔎 Invalid user dans /var/log/nginx/access.log :

🔎 authentication failure dans /var/log/nginx/access.log :

🔎 Did not receive identification string dans /var/log/nginx/access.log :

🔎 possible break-in attempt dans /var/log/nginx/access.log :

🔎 403 dans /var/log/nginx/access.log :

🔎 404 dans /var/log/nginx/access.log :

🔎 SQL syntax dans /var/log/nginx/access.log :

🔎 wp-login dans /var/log/nginx/access.log :
