🛡️ Rapport de sécurité – 09/05/2026 à 21h00
==========================================================

📌 Uptime et charge système :
 21:00:22 up 107 days,  2:52,  1 user,  load average: 3.59, 7.50, 7.23

📌 Connexions SSH actives :
root     ttyAMA0      Jan 24 10:24

📌 Derniers redémarrages :
reboot   system boot  6.1.0-37-arm64   Thu Jan 22 17:07   still running
reboot   system boot  6.1.0-37-arm64   Thu Jan 22 17:01   still running
reboot   system boot  6.1.0-37-arm64   Thu Jan 22 16:50   still running
reboot   system boot  6.1.0-37-arm64   Thu Jan 22 16:32   still running
reboot   system boot  6.1.0-37-arm64   Sun Dec  7 12:34   still running
reboot   system boot  6.1.0-37-arm64   Sat Dec  6 19:07   still running
reboot   system boot  6.1.0-37-arm64   Sat Dec  6 15:03   still running
reboot   system boot  6.1.0-37-arm64   Mon Oct 20 06:18   still running
reboot   system boot  6.1.0-37-arm64   Fri Oct 10 09:56   still running
reboot   system boot  6.1.0-37-arm64   Thu Oct  9 09:20   still running

📌 Utilisation disque :
Filesystem      Size  Used Avail Use% Mounted on
udev            940M     0  940M   0% /dev
tmpfs           198M 1012K  197M   1% /run
/dev/vda2        28G   26G  786M  98% /
tmpfs           989M     0  989M   0% /dev/shm
tmpfs           5.0M     0  5.0M   0% /run/lock
/dev/vda1       512M  6.1M  506M   2% /boot/efi
overlay          28G   26G  786M  98% /var/lib/docker/overlay2/c8a1d2e12effca01832468cef9a6c17f8dd37c14fad0c48cddd4fd0df289d136/merged
tmpfs           198M  4.0K  198M   1% /run/user/0
/dev/loop1       62M   62M     0 100% /snap/core24/1500
/dev/loop8       68M   68M     0 100% /snap/certbot/5452
/dev/loop2       93M   93M     0 100% /snap/core/17288
/dev/loop4       42M   42M     0 100% /snap/snapd/26383
/dev/loop5       62M   62M     0 100% /snap/core24/1588
/dev/loop0       69M   69M     0 100% /snap/certbot/5529
/dev/loop3       93M   93M     0 100% /snap/core/17290
/dev/loop6       43M   43M     0 100% /snap/snapd/26869

📌 Utilisation mémoire (RAM + Swap) :
               total        used        free      shared  buff/cache   available
Mem:           1.9Gi       407Mi       122Mi       892Ki       1.5Gi       1.5Gi
Swap:          975Mi       376Mi       599Mi

📌 Détail mémoire :
RAM utilisée : 374 MiB / 1977 MiB (18.92%)
SWAP utilisée : 376 MiB / 975 MiB (38.56%)

📌 Top 10 processus utilisant le plus de RAM :
USER         PID %MEM   RSS COMMAND
root      904113  4.7 96656 npm install
jonathan  904144  3.9 79528 node
jonathan  904156  3.4 70752 node
jonathan  904124  3.1 63444 npm run dev --h
jonathan  904132  2.9 59400 npm run preview
root      888469  2.9 58768 python3
root     1262233  1.3 26632 dockerd
root     3860408  1.3 26496 snapd
999      1268356  0.8 17756 mysqld
root      901138  0.8 16352 systemd-journal

📌 Nombre total de processus par utilisateur (top 5) :
    113 root
      6 jonathan
      1 systemd-timesync
      1 messagebus
      1 999

📌 Consommation mémoire par type de processus :
node                 : 7.70%
python3              : 2.90%
snapd                : 1.30%
dockerd              : 1.30%
systemd-journal      : 0.80%
systemd              : 0.80%
mysqld               : 0.80%
containerd           : 0.70%
containerd-shim      : 0.50%
systemd-logind       : 0.30%
sshd                 : 0.20%
systemd-udevd        : 0.10%
systemd-timesyn      : 0.10%
su                   : 0.10%
ps                   : 0.10%

📌 Top processus gourmands CPU :
USER         PID %CPU %MEM    VSZ   RSS TTY      STAT START   TIME COMMAND
root      904113 79.6  4.7 876700 96656 ?        Rsl  21:00   0:01 npm install
jonathan  904156 73.2  3.7 756180 76180 ?        Rl   21:00   0:00 node /usr/bin/vite preview --host --port 5173
jonathan  904144 57.6  4.0 1022552 81760 ?       Rl   21:00   0:00 node /usr/bin/vite --host 0.0.0.0 --port 5173
root      904173 50.0  0.1   8156  3716 ?        R    21:00   0:00 ps aux --sort=-%cpu
jonathan  904132 30.6  2.9 849232 59400 ?        Ssl  21:00   0:00 npm run preview --host --port 5173
jonathan  904124 26.8  3.1 849232 63444 ?        Ssl  21:00   0:00 npm run dev --host 0.0.0.0 --port 5173
root      888469  1.7  2.9 108964 58768 ?        Ss   20:36   0:25 /snap/certbot/5529/bin/python3 -s /snap/certbot/5529/bin/certbot -q renew
999      1268356  1.2  0.8 1739820 17756 ?       Ssl  Jan24 1951:51 mysqld
root           1  0.7  0.4 168924  8404 ?        Ss   Jan22 1127:12 /sbin/init

📌 Ports ouverts (hors localhost) :
Netid State  Recv-Q Send-Q Local Address:Port  Peer Address:PortProcess
udp   UNCONN 0      0            0.0.0.0:68         0.0.0.0:*          
tcp   LISTEN 0      128          0.0.0.0:22         0.0.0.0:*          
tcp   LISTEN 0      128             [::]:22            [::]:*          

📌 Services en échec :
  UNIT                 LOAD   ACTIVE SUB    DESCRIPTION
* mariadb.service      loaded failed failed MariaDB 10.11.11 database server
* nginx.service        loaded failed failed A high performance web server and a reverse proxy server
* snapd.seeded.service loaded failed failed Wait until snapd is fully seeded

LOAD   = Reflects whether the unit definition was properly loaded.
ACTIVE = The high-level unit activation state, i.e. generalization of SUB.
SUB    = The low-level unit activation state, values depend on unit type.
3 loaded units listed.

📌 Derniers paquets installés :

📌 Utilisateurs système :
_apt
backup
bin
daemon
games
irc
jonathan
list
lp
mail
man
messagebus
mysql
news
nobody
proxy
root
sshd
sync
sys
systemd-network
systemd-timesync
uucp
www-data

📌 Utilisateurs autorisés sudo :
sudo:x:27:

📌 Tentatives sudo échouées :

📌 Vérification des logs web (Nginx/Apache/autres) :
⚠️ /var/log/nginx/access.log est vide.
❌ /var/log/apache2/access.log est introuvable.
❌ /var/www/sarahHasaera/logs/access.log est introuvable.

📌 IPs actives dans les logs :

🚨 Recherche d’activité suspecte :

🔎 Failed password dans /var/log/nginx/access.log :

🔎 Invalid user dans /var/log/nginx/access.log :

🔎 authentication failure dans /var/log/nginx/access.log :

🔎 Did not receive identification string dans /var/log/nginx/access.log :

🔎 possible break-in attempt dans /var/log/nginx/access.log :

🔎 403 dans /var/log/nginx/access.log :

🔎 404 dans /var/log/nginx/access.log :

🔎 SQL syntax dans /var/log/nginx/access.log :

🔎 wp-login dans /var/log/nginx/access.log :
