🛡️ Rapport de sécurité – 11/03/2026 à 02h00
==========================================================

📌 Uptime et charge système :
 02:00:06 up 47 days,  8:52,  1 user,  load average: 1.92, 2.14, 2.76

📌 Connexions SSH actives :
root     ttyAMA0      Jan 24 10:24

📌 Derniers redémarrages :
reboot   system boot  6.1.0-37-arm64   Thu Jan 22 17:07   still running
reboot   system boot  6.1.0-37-arm64   Thu Jan 22 17:01   still running
reboot   system boot  6.1.0-37-arm64   Thu Jan 22 16:50   still running
reboot   system boot  6.1.0-37-arm64   Thu Jan 22 16:32   still running
reboot   system boot  6.1.0-37-arm64   Sun Dec  7 12:34   still running
reboot   system boot  6.1.0-37-arm64   Sat Dec  6 19:07   still running
reboot   system boot  6.1.0-37-arm64   Sat Dec  6 15:03   still running
reboot   system boot  6.1.0-37-arm64   Mon Oct 20 06:18   still running
reboot   system boot  6.1.0-37-arm64   Fri Oct 10 09:56   still running
reboot   system boot  6.1.0-37-arm64   Thu Oct  9 09:20   still running

📌 Utilisation disque :
Filesystem      Size  Used Avail Use% Mounted on
udev            940M     0  940M   0% /dev
tmpfs           198M 1000K  197M   1% /run
/dev/vda2        28G   26G  1.1G  97% /
tmpfs           989M     0  989M   0% /dev/shm
tmpfs           5.0M     0  5.0M   0% /run/lock
/dev/loop4       92M   92M     0 100% /snap/core/17250
/dev/loop5       45M   45M     0 100% /snap/snapd/25205
/dev/vda1       512M  6.1M  506M   2% /boot/efi
overlay          28G   26G  1.1G  97% /var/lib/docker/overlay2/c8a1d2e12effca01832468cef9a6c17f8dd37c14fad0c48cddd4fd0df289d136/merged
/dev/loop7       42M   42M     0 100% /snap/snapd/25939
/dev/loop6       93M   93M     0 100% /snap/core/17276
tmpfs           198M     0  198M   0% /run/user/0
/dev/loop0       62M   62M     0 100% /snap/core24/1350
/dev/loop2       68M   68M     0 100% /snap/certbot/5360
/dev/loop3       68M   68M     0 100% /snap/certbot/5371
/dev/loop1       62M   62M     0 100% /snap/core24/1500

📌 Utilisation mémoire (RAM + Swap) :
               total        used        free      shared  buff/cache   available
Mem:           1.9Gi       396Mi       110Mi       892Ki       1.5Gi       1.5Gi
Swap:          975Mi       368Mi       607Mi

📌 Détail mémoire :
RAM utilisée : 397 MiB / 1977 MiB (20.08%)
SWAP utilisée : 368 MiB / 975 MiB (37.74%)

📌 Top 10 processus utilisant le plus de RAM :
USER         PID %MEM   RSS COMMAND
root     1038735  4.9 99252 npm install
jonathan 1038787  3.8 77120 node
jonathan 1038770  3.0 61380 npm run dev --h
root      798572  1.7 34824 snapd
root     1006958  1.5 30644 systemd-journal
root     1262233  1.3 26720 dockerd
999      1268356  1.1 22492 mysqld
root         720  0.7 14592 containerd
root     1268259  0.6 12256 containerd-shim
root           1  0.4  8532 systemd

📌 Nombre total de processus par utilisateur (top 5) :
     95 root
      3 jonathan
      1 systemd-timesync
      1 messagebus
      1 999

📌 Consommation mémoire par type de processus :
node                 : 3.80%
snapd                : 1.70%
systemd-journal      : 1.50%
dockerd              : 1.30%
mysqld               : 1.10%
containerd           : 0.70%
containerd-shim      : 0.60%
systemd              : 0.40%
systemd-logind       : 0.30%
sshd                 : 0.30%
systemd-udevd        : 0.10%
systemd-timesyn      : 0.10%
su                   : 0.10%
ps                   : 0.10%
login                : 0.10%

📌 Top processus gourmands CPU :
USER         PID %CPU %MEM    VSZ   RSS TTY      STAT START   TIME COMMAND
root     1038838  100  0.1   8156  3712 ?        R    02:00   0:00 ps aux --sort=-%cpu
root     1038735 94.3  4.9 1077388 99252 ?       Rsl  02:00   0:03 npm install
jonathan 1038787 84.0  4.1 1021272 83336 ?       Rl   02:00   0:00 node /usr/bin/vite --host 0.0.0.0 --port 5173
jonathan 1038770 36.2  3.0 849232 61380 ?        Ssl  02:00   0:00 npm run dev --host 0.0.0.0 --port 5173
root     1038797  2.8  0.1   3792  2784 ?        S    02:00   0:00 /bin/bash ./analyser_logs.sh
999      1268356  1.2  1.1 1739820 22492 ?       Ssl  Jan24 842:13 mysqld
root           1  0.7  0.4 168920  8532 ?        Ss   Jan22 502:42 /sbin/init
root     1006958  0.3  1.5  66180 30644 ?        Ss   01:21   0:07 /lib/systemd/systemd-journald
root          14  0.3  0.0      0     0 ?        I    Jan22 214:18 [rcu_sched]

📌 Ports ouverts (hors localhost) :
Netid State  Recv-Q Send-Q Local Address:Port  Peer Address:PortProcess
udp   UNCONN 0      0            0.0.0.0:68         0.0.0.0:*          
tcp   LISTEN 0      128          0.0.0.0:22         0.0.0.0:*          
tcp   LISTEN 0      128             [::]:22            [::]:*          

📌 Services en échec :
  UNIT                       LOAD   ACTIVE SUB    DESCRIPTION
* mariadb.service            loaded failed failed MariaDB 10.11.11 database server
* nginx.service              loaded failed failed A high performance web server and a reverse proxy server
* snap.certbot.renew.service loaded failed failed Service for snap application certbot.renew
* snapd.seeded.service       loaded failed failed Wait until snapd is fully seeded
* user@0.service             loaded failed failed User Manager for UID 0

LOAD   = Reflects whether the unit definition was properly loaded.
ACTIVE = The high-level unit activation state, i.e. generalization of SUB.
SUB    = The low-level unit activation state, values depend on unit type.
5 loaded units listed.

📌 Derniers paquets installés :

📌 Utilisateurs système :
_apt
backup
bin
daemon
games
irc
jonathan
list
lp
mail
man
messagebus
mysql
news
nobody
proxy
root
sshd
sync
sys
systemd-network
systemd-timesync
uucp
www-data

📌 Utilisateurs autorisés sudo :
sudo:x:27:

📌 Tentatives sudo échouées :

📌 Vérification des logs web (Nginx/Apache/autres) :
⚠️ /var/log/nginx/access.log est vide.
❌ /var/log/apache2/access.log est introuvable.
❌ /var/www/sarahHasaera/logs/access.log est introuvable.

📌 IPs actives dans les logs :

🚨 Recherche d’activité suspecte :

🔎 Failed password dans /var/log/nginx/access.log :

🔎 Invalid user dans /var/log/nginx/access.log :

🔎 authentication failure dans /var/log/nginx/access.log :

🔎 Did not receive identification string dans /var/log/nginx/access.log :

🔎 possible break-in attempt dans /var/log/nginx/access.log :

🔎 403 dans /var/log/nginx/access.log :

🔎 404 dans /var/log/nginx/access.log :

🔎 SQL syntax dans /var/log/nginx/access.log :

🔎 wp-login dans /var/log/nginx/access.log :
