🛡️ Rapport de sécurité – 19/03/2026 à 02h00
==========================================================

📌 Uptime et charge système :
 02:00:05 up 55 days,  8:52,  1 user,  load average: 4.84, 5.58, 4.25

📌 Connexions SSH actives :
root     ttyAMA0      Jan 24 10:24

📌 Derniers redémarrages :
reboot   system boot  6.1.0-37-arm64   Thu Jan 22 17:07   still running
reboot   system boot  6.1.0-37-arm64   Thu Jan 22 17:01   still running
reboot   system boot  6.1.0-37-arm64   Thu Jan 22 16:50   still running
reboot   system boot  6.1.0-37-arm64   Thu Jan 22 16:32   still running
reboot   system boot  6.1.0-37-arm64   Sun Dec  7 12:34   still running
reboot   system boot  6.1.0-37-arm64   Sat Dec  6 19:07   still running
reboot   system boot  6.1.0-37-arm64   Sat Dec  6 15:03   still running
reboot   system boot  6.1.0-37-arm64   Mon Oct 20 06:18   still running
reboot   system boot  6.1.0-37-arm64   Fri Oct 10 09:56   still running
reboot   system boot  6.1.0-37-arm64   Thu Oct  9 09:20   still running

📌 Utilisation disque :
Filesystem      Size  Used Avail Use% Mounted on
udev            940M     0  940M   0% /dev
tmpfs           198M 1008K  197M   1% /run
/dev/vda2        28G   26G  859M  97% /
tmpfs           989M     0  989M   0% /dev/shm
tmpfs           5.0M     0  5.0M   0% /run/lock
/dev/loop5       45M   45M     0 100% /snap/snapd/25205
/dev/vda1       512M  6.1M  506M   2% /boot/efi
overlay          28G   26G  859M  97% /var/lib/docker/overlay2/c8a1d2e12effca01832468cef9a6c17f8dd37c14fad0c48cddd4fd0df289d136/merged
/dev/loop7       42M   42M     0 100% /snap/snapd/25939
/dev/loop6       93M   93M     0 100% /snap/core/17276
tmpfs           198M  4.0K  198M   1% /run/user/0
/dev/loop0       62M   62M     0 100% /snap/core24/1350
/dev/loop3       68M   68M     0 100% /snap/certbot/5371
/dev/loop1       62M   62M     0 100% /snap/core24/1500
/dev/loop8       68M   68M     0 100% /snap/certbot/5452
/dev/loop2       93M   93M     0 100% /snap/core/17288

📌 Utilisation mémoire (RAM + Swap) :
               total        used        free      shared  buff/cache   available
Mem:           1.9Gi       331Mi       182Mi       900Ki       1.5Gi       1.6Gi
Swap:          975Mi       370Mi       605Mi

📌 Détail mémoire :
RAM utilisée : 332 MiB / 1977 MiB (16.79%)
SWAP utilisée : 370 MiB / 975 MiB (37.95%)

📌 Top 10 processus utilisant le plus de RAM :
USER         PID %MEM   RSS COMMAND
root     1924925  8.2 166348 systemd-journal
root     2181508  4.6 95040 npm install
jonathan 2181582  3.0 61380 npm run preview
root      798572  1.6 34148 snapd
jonathan 2181594  1.4 29296 node
root     1262233  1.3 26680 dockerd
999      1268356  1.1 22356 mysqld
root         720  0.7 14472 containerd
root     1268259  0.6 12292 containerd-shim
root     3625758  0.5 10256 systemd

📌 Nombre total de processus par utilisateur (top 5) :
    115 root
      3 jonathan
      1 systemd-timesync
      1 messagebus
      1 man

📌 Consommation mémoire par type de processus :
systemd-journal      : 8.20%
node                 : 2.20%
snapd                : 1.60%
dockerd              : 1.30%
mysqld               : 1.10%
systemd              : 0.90%
containerd           : 0.70%
containerd-shim      : 0.60%
systemd-logind       : 0.30%
sshd                 : 0.30%
mandb                : 0.20%
systemd-udevd        : 0.10%
systemd-timesyn      : 0.10%
su                   : 0.10%
ps                   : 0.10%

📌 Top processus gourmands CPU :
USER         PID %CPU %MEM    VSZ   RSS TTY      STAT START   TIME COMMAND
root     2181611  100  0.2   9124  4384 ?        R    02:00   0:00 ps aux --sort=-%cpu
root     2181508 95.2  4.7 1074220 95792 ?       Rsl  02:00   0:02 npm install
jonathan 2181594 66.6  2.3 487860 48036 ?        Rl   02:00   0:00 node /usr/bin/vite preview --host --port 5173
jonathan 2181582 64.4  3.0 849232 61380 ?        Ssl  02:00   0:00 npm run preview --host --port 5173
999      1268356  1.2  1.1 1739820 22356 ?       Ssl  Jan24 990:50 mysqld
root     2181523  0.8  0.1   3792  2784 ?        S    02:00   0:00 /bin/bash ./analyser_logs.sh
root           1  0.7  0.4 169048  8532 ?        Ss   Jan22 586:29 /sbin/init
root     1924925  0.3  8.2 259160 166348 ?       Ss   Mar18   1:03 /lib/systemd/systemd-journald
root          14  0.3  0.0      0     0 ?        I    Jan22 251:14 [rcu_sched]

📌 Ports ouverts (hors localhost) :
Netid State  Recv-Q Send-Q Local Address:Port  Peer Address:PortProcess
udp   UNCONN 0      0            0.0.0.0:68         0.0.0.0:*          
tcp   LISTEN 0      128          0.0.0.0:22         0.0.0.0:*          
tcp   LISTEN 0      128             [::]:22            [::]:*          

📌 Services en échec :
  UNIT                       LOAD   ACTIVE SUB    DESCRIPTION
* mariadb.service            loaded failed failed MariaDB 10.11.11 database server
* nginx.service              loaded failed failed A high performance web server and a reverse proxy server
* snap.certbot.renew.service loaded failed failed Service for snap application certbot.renew
* snapd.seeded.service       loaded failed failed Wait until snapd is fully seeded

LOAD   = Reflects whether the unit definition was properly loaded.
ACTIVE = The high-level unit activation state, i.e. generalization of SUB.
SUB    = The low-level unit activation state, values depend on unit type.
4 loaded units listed.

📌 Derniers paquets installés :

📌 Utilisateurs système :
_apt
backup
bin
daemon
games
irc
jonathan
list
lp
mail
man
messagebus
mysql
news
nobody
proxy
root
sshd
sync
sys
systemd-network
systemd-timesync
uucp
www-data

📌 Utilisateurs autorisés sudo :
sudo:x:27:

📌 Tentatives sudo échouées :

📌 Vérification des logs web (Nginx/Apache/autres) :
⚠️ /var/log/nginx/access.log est vide.
❌ /var/log/apache2/access.log est introuvable.
❌ /var/www/sarahHasaera/logs/access.log est introuvable.

📌 IPs actives dans les logs :

🚨 Recherche d’activité suspecte :

🔎 Failed password dans /var/log/nginx/access.log :

🔎 Invalid user dans /var/log/nginx/access.log :

🔎 authentication failure dans /var/log/nginx/access.log :

🔎 Did not receive identification string dans /var/log/nginx/access.log :

🔎 possible break-in attempt dans /var/log/nginx/access.log :

🔎 403 dans /var/log/nginx/access.log :

🔎 404 dans /var/log/nginx/access.log :

🔎 SQL syntax dans /var/log/nginx/access.log :

🔎 wp-login dans /var/log/nginx/access.log :
