🛡️ Rapport de sécurité – 18/03/2026 à 11h00
==========================================================

📌 Uptime et charge système :
 11:00:03 up 54 days, 17:52,  1 user,  load average: 10.04, 6.55, 4.86

📌 Connexions SSH actives :
root     ttyAMA0      Jan 24 10:24

📌 Derniers redémarrages :
reboot   system boot  6.1.0-37-arm64   Thu Jan 22 17:07   still running
reboot   system boot  6.1.0-37-arm64   Thu Jan 22 17:01   still running
reboot   system boot  6.1.0-37-arm64   Thu Jan 22 16:50   still running
reboot   system boot  6.1.0-37-arm64   Thu Jan 22 16:32   still running
reboot   system boot  6.1.0-37-arm64   Sun Dec  7 12:34   still running
reboot   system boot  6.1.0-37-arm64   Sat Dec  6 19:07   still running
reboot   system boot  6.1.0-37-arm64   Sat Dec  6 15:03   still running
reboot   system boot  6.1.0-37-arm64   Mon Oct 20 06:18   still running
reboot   system boot  6.1.0-37-arm64   Fri Oct 10 09:56   still running
reboot   system boot  6.1.0-37-arm64   Thu Oct  9 09:20   still running

📌 Utilisation disque :
Filesystem      Size  Used Avail Use% Mounted on
udev            940M     0  940M   0% /dev
tmpfs           198M 1004K  197M   1% /run
/dev/vda2        28G   26G  904M  97% /
tmpfs           989M     0  989M   0% /dev/shm
tmpfs           5.0M     0  5.0M   0% /run/lock
/dev/loop5       45M   45M     0 100% /snap/snapd/25205
/dev/vda1       512M  6.1M  506M   2% /boot/efi
overlay          28G   26G  904M  97% /var/lib/docker/overlay2/c8a1d2e12effca01832468cef9a6c17f8dd37c14fad0c48cddd4fd0df289d136/merged
/dev/loop7       42M   42M     0 100% /snap/snapd/25939
/dev/loop6       93M   93M     0 100% /snap/core/17276
tmpfs           198M  4.0K  198M   1% /run/user/0
/dev/loop0       62M   62M     0 100% /snap/core24/1350
/dev/loop3       68M   68M     0 100% /snap/certbot/5371
/dev/loop1       62M   62M     0 100% /snap/core24/1500
/dev/loop8       68M   68M     0 100% /snap/certbot/5452
/dev/loop2       93M   93M     0 100% /snap/core/17288

📌 Utilisation mémoire (RAM + Swap) :
               total        used        free      shared  buff/cache   available
Mem:           1.9Gi       483Mi        33Mi       900Ki       1.5Gi       1.5Gi
Swap:          975Mi       370Mi       605Mi

📌 Détail mémoire :
RAM utilisée : 483 MiB / 1977 MiB (24.43%)
SWAP utilisée : 370 MiB / 975 MiB (37.95%)

📌 Top 10 processus utilisant le plus de RAM :
USER         PID %MEM   RSS COMMAND
root     1227809  6.7 135996 systemd-journal
root     1440226  5.0 101500 npm install
jonathan 1440159  4.0 83024 node
jonathan 1440171  4.0 81264 node
jonathan 1440139  2.9 60392 npm run preview
jonathan 1440146  2.9 59688 npm run dev --h
root      798572  1.6 34368 snapd
root     1262233  1.3 26648 dockerd
root     1436023  1.1 22376 python3
999      1268356  1.1 22360 mysqld

📌 Nombre total de processus par utilisateur (top 5) :
    108 root
      8 jonathan
      1 systemd-timesync
      1 messagebus
      1 999

📌 Consommation mémoire par type de processus :
node                 : 8.00%
systemd-journal      : 6.70%
snapd                : 1.60%
dockerd              : 1.30%
python3              : 1.10%
mysqld               : 1.10%
systemd              : 0.90%
containerd           : 0.70%
containerd-shim      : 0.60%
esbuild              : 0.40%
systemd-logind       : 0.30%
sshd                 : 0.30%
systemd-udevd        : 0.10%
systemd-timesyn      : 0.10%
su                   : 0.10%

📌 Top processus gourmands CPU :
USER         PID %CPU %MEM    VSZ   RSS TTY      STAT START   TIME COMMAND
root     1440294  100  0.2   9124  4384 ?        R    11:00   0:00 ps aux --sort=-%cpu
root     1440226 10.4  5.0 1013816 101500 ?      Ssl  10:59   0:02 npm install
root     1440253  7.1  0.1   3792  2784 ?        S    11:00   0:00 /bin/bash ./analyser_logs.sh
jonathan 1440159  2.3  4.0 21991888 82928 ?      Sl   10:59   0:00 node /usr/bin/vite preview --host --port 5173
jonathan 1440171  2.3  4.0 21991856 81168 ?      Sl   10:59   0:00 node /usr/bin/vite --host 0.0.0.0 --port 5173
jonathan 1440146  1.4  2.9 846280 59688 ?        Ssl  10:59   0:00 npm run dev --host 0.0.0.0 --port 5173
jonathan 1440139  1.3  2.9 845772 60392 ?        Ssl  10:59   0:00 npm run preview --host --port 5173
999      1268356  1.2  1.1 1739820 22360 ?       Ssl  Jan24 979:15 mysqld
root     1436023  0.7  1.1  31860 22376 ?        Ds   10:53   0:02 /snap/certbot/5452/bin/python3 -s /snap/certbot/5452/bin/certbot -q renew

📌 Ports ouverts (hors localhost) :
Netid State  Recv-Q Send-Q Local Address:Port  Peer Address:PortProcess
udp   UNCONN 0      0            0.0.0.0:68         0.0.0.0:*          
tcp   LISTEN 0      128          0.0.0.0:22         0.0.0.0:*          
tcp   LISTEN 0      128             [::]:22            [::]:*          

📌 Services en échec :
  UNIT                 LOAD   ACTIVE SUB    DESCRIPTION
* mariadb.service      loaded failed failed MariaDB 10.11.11 database server
* nginx.service        loaded failed failed A high performance web server and a reverse proxy server
* snapd.seeded.service loaded failed failed Wait until snapd is fully seeded

LOAD   = Reflects whether the unit definition was properly loaded.
ACTIVE = The high-level unit activation state, i.e. generalization of SUB.
SUB    = The low-level unit activation state, values depend on unit type.
3 loaded units listed.

📌 Derniers paquets installés :

📌 Utilisateurs système :
_apt
backup
bin
daemon
games
irc
jonathan
list
lp
mail
man
messagebus
mysql
news
nobody
proxy
root
sshd
sync
sys
systemd-network
systemd-timesync
uucp
www-data

📌 Utilisateurs autorisés sudo :
sudo:x:27:

📌 Tentatives sudo échouées :

📌 Vérification des logs web (Nginx/Apache/autres) :
⚠️ /var/log/nginx/access.log est vide.
❌ /var/log/apache2/access.log est introuvable.
❌ /var/www/sarahHasaera/logs/access.log est introuvable.

📌 IPs actives dans les logs :

🚨 Recherche d’activité suspecte :

🔎 Failed password dans /var/log/nginx/access.log :

🔎 Invalid user dans /var/log/nginx/access.log :

🔎 authentication failure dans /var/log/nginx/access.log :

🔎 Did not receive identification string dans /var/log/nginx/access.log :

🔎 possible break-in attempt dans /var/log/nginx/access.log :

🔎 403 dans /var/log/nginx/access.log :

🔎 404 dans /var/log/nginx/access.log :

🔎 SQL syntax dans /var/log/nginx/access.log :

🔎 wp-login dans /var/log/nginx/access.log :
