🛡️ Rapport de sécurité – 06/04/2026 à 22h00
==========================================================

📌 Uptime et charge système :
 22:00:04 up 74 days,  3:52,  1 user,  load average: 2.49, 3.18, 3.43

📌 Connexions SSH actives :
root     ttyAMA0      Jan 24 10:24

📌 Derniers redémarrages :
reboot   system boot  6.1.0-37-arm64   Thu Jan 22 17:07   still running
reboot   system boot  6.1.0-37-arm64   Thu Jan 22 17:01   still running
reboot   system boot  6.1.0-37-arm64   Thu Jan 22 16:50   still running
reboot   system boot  6.1.0-37-arm64   Thu Jan 22 16:32   still running
reboot   system boot  6.1.0-37-arm64   Sun Dec  7 12:34   still running
reboot   system boot  6.1.0-37-arm64   Sat Dec  6 19:07   still running
reboot   system boot  6.1.0-37-arm64   Sat Dec  6 15:03   still running
reboot   system boot  6.1.0-37-arm64   Mon Oct 20 06:18   still running
reboot   system boot  6.1.0-37-arm64   Fri Oct 10 09:56   still running
reboot   system boot  6.1.0-37-arm64   Thu Oct  9 09:20   still running

📌 Utilisation disque :
Filesystem      Size  Used Avail Use% Mounted on
udev            940M     0  940M   0% /dev
tmpfs           198M 1004K  197M   1% /run
/dev/vda2        28G   26G  1.2G  96% /
tmpfs           989M     0  989M   0% /dev/shm
tmpfs           5.0M     0  5.0M   0% /run/lock
/dev/vda1       512M  6.1M  506M   2% /boot/efi
overlay          28G   26G  1.2G  96% /var/lib/docker/overlay2/c8a1d2e12effca01832468cef9a6c17f8dd37c14fad0c48cddd4fd0df289d136/merged
/dev/loop7       42M   42M     0 100% /snap/snapd/25939
/dev/loop6       93M   93M     0 100% /snap/core/17276
tmpfs           198M  4.0K  198M   1% /run/user/0
/dev/loop3       68M   68M     0 100% /snap/certbot/5371
/dev/loop1       62M   62M     0 100% /snap/core24/1500
/dev/loop8       68M   68M     0 100% /snap/certbot/5452
/dev/loop2       93M   93M     0 100% /snap/core/17288
/dev/loop4       42M   42M     0 100% /snap/snapd/26383
/dev/loop5       62M   62M     0 100% /snap/core24/1588

📌 Utilisation mémoire (RAM + Swap) :
               total        used        free      shared  buff/cache   available
Mem:           1.9Gi       307Mi       194Mi       900Ki       1.5Gi       1.6Gi
Swap:          975Mi       373Mi       602Mi

📌 Détail mémoire :
RAM utilisée : 411 MiB / 1977 MiB (20.79%)
SWAP utilisée : 373 MiB / 975 MiB (38.26%)

📌 Top 10 processus utilisant le plus de RAM :
USER         PID %MEM   RSS COMMAND
root     3474035  4.7 96816 npm install
jonathan 3474075  4.1 84576 node
jonathan 3474062  3.1 62924 npm run dev --h
jonathan 3474082  2.1 42892 npm
root     2320128  1.5 31244 snapd
root     1262233  1.3 26536 dockerd
999      1268356  0.9 20108 mysqld
root     3467360  0.8 17072 systemd-journal
root         720  0.7 14712 containerd
root     1268259  0.5 12128 containerd-shim

📌 Nombre total de processus par utilisateur (top 5) :
     98 root
      4 jonathan
      1 systemd-timesync
      1 messagebus
      1 999

📌 Consommation mémoire par type de processus :
node                 : 4.20%
npm                  : 2.40%
snapd                : 1.50%
dockerd              : 1.30%
mysqld               : 0.90%
systemd-journal      : 0.80%
systemd              : 0.80%
containerd           : 0.70%
containerd-shim      : 0.50%
systemd-logind       : 0.30%
sshd                 : 0.30%
systemd-udevd        : 0.10%
systemd-timesyn      : 0.10%
su                   : 0.10%
ps                   : 0.10%

📌 Top processus gourmands CPU :
USER         PID %CPU %MEM    VSZ   RSS TTY      STAT START   TIME COMMAND
root     3474035 97.5  4.8 1075428 97600 ?       Rsl  22:00   0:02 npm install
jonathan 3474075 80.2  4.2 1028152 86100 ?       Rl   22:00   0:00 node /usr/bin/vite --host 0.0.0.0 --port 5173
root     3474116 50.0  0.2   9124  4380 ?        R    22:00   0:00 ps aux --sort=-%cpu
jonathan 3474082 42.8  2.5 745936 50804 ?        Rsl  22:00   0:00 npm
jonathan 3474062 32.3  3.1 849232 62924 ?        Ssl  22:00   0:00 npm run dev --host 0.0.0.0 --port 5173
999      1268356  1.2  0.9 1739820 20108 ?       Ssl  Jan24 1339:18 mysqld
root     3474043  0.8  0.1   3792  2780 ?        S    22:00   0:00 /bin/bash ./analyser_logs.sh
root           1  0.7  0.4 168916  8456 ?        Ss   Jan22 781:17 /sbin/init
root     3467360  0.3  0.8  49784 17072 ?        Ss   21:51   0:01 /lib/systemd/systemd-journald

📌 Ports ouverts (hors localhost) :
Netid State  Recv-Q Send-Q Local Address:Port  Peer Address:PortProcess
udp   UNCONN 0      0            0.0.0.0:68         0.0.0.0:*          
tcp   LISTEN 0      128          0.0.0.0:22         0.0.0.0:*          
tcp   LISTEN 0      128             [::]:22            [::]:*          

📌 Services en échec :
  UNIT                       LOAD   ACTIVE SUB    DESCRIPTION
* mariadb.service            loaded failed failed MariaDB 10.11.11 database server
* nginx.service              loaded failed failed A high performance web server and a reverse proxy server
* snap.certbot.renew.service loaded failed failed Service for snap application certbot.renew
* snapd.seeded.service       loaded failed failed Wait until snapd is fully seeded

LOAD   = Reflects whether the unit definition was properly loaded.
ACTIVE = The high-level unit activation state, i.e. generalization of SUB.
SUB    = The low-level unit activation state, values depend on unit type.
4 loaded units listed.

📌 Derniers paquets installés :

📌 Utilisateurs système :
_apt
backup
bin
daemon
games
irc
jonathan
list
lp
mail
man
messagebus
mysql
news
nobody
proxy
root
sshd
sync
sys
systemd-network
systemd-timesync
uucp
www-data

📌 Utilisateurs autorisés sudo :
sudo:x:27:

📌 Tentatives sudo échouées :

📌 Vérification des logs web (Nginx/Apache/autres) :
⚠️ /var/log/nginx/access.log est vide.
❌ /var/log/apache2/access.log est introuvable.
❌ /var/www/sarahHasaera/logs/access.log est introuvable.

📌 IPs actives dans les logs :

🚨 Recherche d’activité suspecte :

🔎 Failed password dans /var/log/nginx/access.log :

🔎 Invalid user dans /var/log/nginx/access.log :

🔎 authentication failure dans /var/log/nginx/access.log :

🔎 Did not receive identification string dans /var/log/nginx/access.log :

🔎 possible break-in attempt dans /var/log/nginx/access.log :

🔎 403 dans /var/log/nginx/access.log :

🔎 404 dans /var/log/nginx/access.log :

🔎 SQL syntax dans /var/log/nginx/access.log :

🔎 wp-login dans /var/log/nginx/access.log :
