🛡️ Rapport de sécurité – 01/05/2026 à 02h00
==========================================================

📌 Uptime et charge système :
 02:00:04 up 98 days,  7:52,  1 user,  load average: 4.62, 5.79, 4.41

📌 Connexions SSH actives :
root     ttyAMA0      Jan 24 10:24

📌 Derniers redémarrages :
reboot   system boot  6.1.0-37-arm64   Thu Jan 22 17:07   still running
reboot   system boot  6.1.0-37-arm64   Thu Jan 22 17:01   still running
reboot   system boot  6.1.0-37-arm64   Thu Jan 22 16:50   still running
reboot   system boot  6.1.0-37-arm64   Thu Jan 22 16:32   still running
reboot   system boot  6.1.0-37-arm64   Sun Dec  7 12:34   still running
reboot   system boot  6.1.0-37-arm64   Sat Dec  6 19:07   still running
reboot   system boot  6.1.0-37-arm64   Sat Dec  6 15:03   still running
reboot   system boot  6.1.0-37-arm64   Mon Oct 20 06:18   still running
reboot   system boot  6.1.0-37-arm64   Fri Oct 10 09:56   still running
reboot   system boot  6.1.0-37-arm64   Thu Oct  9 09:20   still running

📌 Utilisation disque :
Filesystem      Size  Used Avail Use% Mounted on
udev            940M     0  940M   0% /dev
tmpfs           198M 1008K  197M   1% /run
/dev/vda2        28G   26G  873M  97% /
tmpfs           989M     0  989M   0% /dev/shm
tmpfs           5.0M     0  5.0M   0% /run/lock
/dev/vda1       512M  6.1M  506M   2% /boot/efi
overlay          28G   26G  873M  97% /var/lib/docker/overlay2/c8a1d2e12effca01832468cef9a6c17f8dd37c14fad0c48cddd4fd0df289d136/merged
tmpfs           198M  4.0K  198M   1% /run/user/0
/dev/loop1       62M   62M     0 100% /snap/core24/1500
/dev/loop8       68M   68M     0 100% /snap/certbot/5452
/dev/loop2       93M   93M     0 100% /snap/core/17288
/dev/loop4       42M   42M     0 100% /snap/snapd/26383
/dev/loop5       62M   62M     0 100% /snap/core24/1588
/dev/loop0       69M   69M     0 100% /snap/certbot/5529
/dev/loop3       93M   93M     0 100% /snap/core/17290
/dev/loop6       43M   43M     0 100% /snap/snapd/26869

📌 Utilisation mémoire (RAM + Swap) :
               total        used        free      shared  buff/cache   available
Mem:           1.9Gi       405Mi       121Mi       888Ki       1.5Gi       1.5Gi
Swap:          975Mi       374Mi       601Mi

📌 Détail mémoire :
RAM utilisée : 441 MiB / 1977 MiB (22.31%)
SWAP utilisée : 374 MiB / 975 MiB (38.36%)

📌 Top 10 processus utilisant le plus de RAM :
USER         PID %MEM   RSS COMMAND
root     2977746  4.6 94320 npm install
jonathan 2977798  4.2 85060 node
jonathan 2977777  3.0 61032 npm run preview
root     2974241  2.8 57972 python3
root     3860408  1.3 27032 snapd
root     1262233  1.3 26632 dockerd
999      1268356  0.9 19796 mysqld
root     2976927  0.7 14876 systemd-journal
root         720  0.7 14752 containerd
root     1268259  0.6 12228 containerd-shim

📌 Nombre total de processus par utilisateur (top 5) :
    104 root
      1 systemd-timesync
      1 messagebus
      1 jonathan
      1 999

📌 Consommation mémoire par type de processus :
python3              : 2.80%
snapd                : 1.30%
dockerd              : 1.30%
mysqld               : 0.90%
systemd              : 0.80%
systemd-journal      : 0.70%
containerd           : 0.70%
containerd-shim      : 0.60%
systemd-logind       : 0.30%
sshd                 : 0.20%
systemd-udevd        : 0.10%
systemd-timesyn      : 0.10%
su                   : 0.10%
ps                   : 0.10%
dbus-daemon          : 0.10%

📌 Top processus gourmands CPU :
USER         PID %CPU %MEM    VSZ   RSS TTY      STAT START   TIME COMMAND
root     2977841  100  0.2   9124  4388 ?        R    02:00   0:00 ps aux --sort=-%cpu
root     2977746 90.7  4.6 877920 95056 ?        Rsl  02:00   0:02 npm install
999      1268356  1.2  0.9 1739820 19796 ?       Ssl  Jan24 1788:23 mysqld
root     2974241  0.7  2.8 107940 57972 ?        Ss   01:53   0:03 /snap/certbot/5529/bin/python3 -s /snap/certbot/5529/bin/certbot -q renew
root           1  0.7  0.4 168924  8416 ?        Ss   Jan22 1034:53 /sbin/init
root     2977732  0.6  0.1   3792  2780 ?        S    02:00   0:00 /bin/bash ./analyser_logs.sh
root     2976927  0.5  0.7  33272 14876 ?        Ss   01:59   0:00 /lib/systemd/systemd-journald
root          14  0.3  0.0      0     0 ?        I    Jan22 449:41 [rcu_sched]
message+     508  0.1  0.1   9540  2668 ?        Ss   Jan22 228:34 /usr/bin/dbus-daemon --system --address=systemd: --nofork --nopidfile --systemd-activation --syslog-only

📌 Ports ouverts (hors localhost) :
Netid State  Recv-Q Send-Q Local Address:Port  Peer Address:PortProcess
udp   UNCONN 0      0            0.0.0.0:68         0.0.0.0:*          
tcp   LISTEN 0      128          0.0.0.0:22         0.0.0.0:*          
tcp   LISTEN 0      128             [::]:22            [::]:*          

📌 Services en échec :
  UNIT                 LOAD   ACTIVE SUB    DESCRIPTION
* mariadb.service      loaded failed failed MariaDB 10.11.11 database server
* nginx.service        loaded failed failed A high performance web server and a reverse proxy server
* snapd.seeded.service loaded failed failed Wait until snapd is fully seeded

LOAD   = Reflects whether the unit definition was properly loaded.
ACTIVE = The high-level unit activation state, i.e. generalization of SUB.
SUB    = The low-level unit activation state, values depend on unit type.
3 loaded units listed.

📌 Derniers paquets installés :

📌 Utilisateurs système :
_apt
backup
bin
daemon
games
irc
jonathan
list
lp
mail
man
messagebus
mysql
news
nobody
proxy
root
sshd
sync
sys
systemd-network
systemd-timesync
uucp
www-data

📌 Utilisateurs autorisés sudo :
sudo:x:27:

📌 Tentatives sudo échouées :

📌 Vérification des logs web (Nginx/Apache/autres) :
⚠️ /var/log/nginx/access.log est vide.
❌ /var/log/apache2/access.log est introuvable.
❌ /var/www/sarahHasaera/logs/access.log est introuvable.

📌 IPs actives dans les logs :

🚨 Recherche d’activité suspecte :

🔎 Failed password dans /var/log/nginx/access.log :

🔎 Invalid user dans /var/log/nginx/access.log :

🔎 authentication failure dans /var/log/nginx/access.log :

🔎 Did not receive identification string dans /var/log/nginx/access.log :

🔎 possible break-in attempt dans /var/log/nginx/access.log :

🔎 403 dans /var/log/nginx/access.log :

🔎 404 dans /var/log/nginx/access.log :

🔎 SQL syntax dans /var/log/nginx/access.log :

🔎 wp-login dans /var/log/nginx/access.log :
