🛡️ Rapport de sécurité – 23/07/2026 à 23h00
==========================================================

📌 Uptime et charge système :
 23:00:03 up 182 days,  4:52,  1 user,  load average: 6.94, 6.01, 5.42

📌 Connexions SSH actives :
root     ttyAMA0      Jan 24 10:24

📌 Derniers redémarrages :
reboot   system boot  6.1.0-37-arm64   Thu Jan 22 17:07   still running
reboot   system boot  6.1.0-37-arm64   Thu Jan 22 17:01   still running
reboot   system boot  6.1.0-37-arm64   Thu Jan 22 16:50   still running
reboot   system boot  6.1.0-37-arm64   Thu Jan 22 16:32   still running
reboot   system boot  6.1.0-37-arm64   Sun Dec  7 12:34   still running
reboot   system boot  6.1.0-37-arm64   Sat Dec  6 19:07   still running
reboot   system boot  6.1.0-37-arm64   Sat Dec  6 15:03   still running
reboot   system boot  6.1.0-37-arm64   Mon Oct 20 06:18   still running
reboot   system boot  6.1.0-37-arm64   Fri Oct 10 09:56   still running
reboot   system boot  6.1.0-37-arm64   Thu Oct  9 09:20   still running

📌 Utilisation disque :
Filesystem      Size  Used Avail Use% Mounted on
udev            940M     0  940M   0% /dev
tmpfs           198M 1012K  197M   1% /run
/dev/vda2        28G   27G  109M 100% /
tmpfs           989M     0  989M   0% /dev/shm
tmpfs           5.0M     0  5.0M   0% /run/lock
/dev/vda1       512M  6.1M  506M   2% /boot/efi
overlay          28G   27G  109M 100% /var/lib/docker/overlay2/c8a1d2e12effca01832468cef9a6c17f8dd37c14fad0c48cddd4fd0df289d136/merged
tmpfs           198M  4.0K  198M   1% /run/user/0
/dev/loop2       93M   93M     0 100% /snap/core/17288
/dev/loop5       62M   62M     0 100% /snap/core24/1588
/dev/loop3       93M   93M     0 100% /snap/core/17290
/dev/loop6       43M   43M     0 100% /snap/snapd/26869
/dev/loop8       62M   62M     0 100% /snap/core24/1644
/dev/loop1       44M   44M     0 100% /snap/snapd/27407
/dev/loop4       69M   69M     0 100% /snap/certbot/5759
/dev/loop0       69M   69M     0 100% /snap/certbot/5779

📌 Utilisation mémoire (RAM + Swap) :
               total        used        free      shared  buff/cache   available
Mem:           1.9Gi       458Mi        61Mi       900Ki       1.5Gi       1.5Gi
Swap:          975Mi       377Mi       598Mi

📌 Détail mémoire :
RAM utilisée : 459 MiB / 1977 MiB (23.22%)
SWAP utilisée : 377 MiB / 975 MiB (38.67%)

📌 Top 10 processus utilisant le plus de RAM :
USER         PID %MEM   RSS COMMAND
root      932550  4.6 94656 npm install
jonathan  932573  3.7 75248 node
jonathan  932598  3.6 74112 node
jonathan  932561  3.0 61288 npm run preview
jonathan  932585  3.0 60876 npm run dev --h
root     3839209  1.6 32424 snapd
root     1262233  1.3 26484 dockerd
root      927292  0.9 18664 systemd-journal
999      1268356  0.8 17608 mysqld
root         720  0.7 14584 containerd

📌 Nombre total de processus par utilisateur (top 5) :
    101 root
      6 jonathan
      1 systemd-timesync
      1 messagebus
      1 999

📌 Consommation mémoire par type de processus :
node                 : 7.30%
snapd                : 1.60%
dockerd              : 1.30%
systemd-journal      : 0.90%
systemd              : 0.80%
mysqld               : 0.80%
containerd           : 0.70%
containerd-shim      : 0.50%
systemd-timesyn      : 0.30%
systemd-logind       : 0.30%
snap                 : 0.30%
sshd                 : 0.20%
ps                   : 0.10%
dbus-daemon          : 0.10%
cron                 : 0.10%

📌 Top processus gourmands CPU :
USER         PID %CPU %MEM    VSZ   RSS TTY      STAT START   TIME COMMAND
root      932649  100  0.1   8156  3724 ?        R    23:00   0:00 ps aux --sort=-%cpu
jonathan  932598 60.2  3.6 755156 74112 ?        Dl   23:00   0:00 node /usr/bin/vite --host 0.0.0.0 --port 5173
jonathan  932585 32.4  3.0 849228 60876 ?        Ssl  23:00   0:00 npm run dev --host 0.0.0.0 --port 5173
root      932550 25.5  4.6 877664 94916 ?        Rsl  22:59   0:02 npm install
jonathan  932573 24.4  3.7 755156 75248 ?        Dl   23:00   0:00 node /usr/bin/vite preview --host --port 5173
jonathan  932561 11.8  3.0 849228 61288 ?        Ssl  22:59   0:00 npm run preview --host --port 5173
root      932608  9.5  0.1   3792  2784 ?        S    23:00   0:00 /bin/bash ./analyser_logs.sh
999      1268356  1.2  0.8 1739820 17608 ?       Ssl  Jan24 3324:26 mysqld
root           1  0.7  0.4 168924  8564 ?        Ss   Jan22 1911:15 /sbin/init

📌 Ports ouverts (hors localhost) :
Netid State  Recv-Q Send-Q Local Address:Port  Peer Address:PortProcess
udp   UNCONN 0      0            0.0.0.0:68         0.0.0.0:*          
tcp   LISTEN 0      128          0.0.0.0:22         0.0.0.0:*          
tcp   LISTEN 0      128             [::]:22            [::]:*          

📌 Services en échec :
  UNIT                 LOAD   ACTIVE SUB    DESCRIPTION
* mariadb.service      loaded failed failed MariaDB 10.11.11 database server
* nginx.service        loaded failed failed A high performance web server and a reverse proxy server
* snapd.seeded.service loaded failed failed Wait until snapd is fully seeded

LOAD   = Reflects whether the unit definition was properly loaded.
ACTIVE = The high-level unit activation state, i.e. generalization of SUB.
SUB    = The low-level unit activation state, values depend on unit type.
3 loaded units listed.

📌 Derniers paquets installés :

📌 Utilisateurs système :
_apt
backup
bin
daemon
games
irc
jonathan
list
lp
mail
man
messagebus
mysql
news
nobody
proxy
root
sshd
sync
sys
systemd-network
systemd-timesync
uucp
www-data

📌 Utilisateurs autorisés sudo :
sudo:x:27:

📌 Tentatives sudo échouées :

📌 Vérification des logs web (Nginx/Apache/autres) :
⚠️ /var/log/nginx/access.log est vide.
❌ /var/log/apache2/access.log est introuvable.
❌ /var/www/sarahHasaera/logs/access.log est introuvable.

📌 IPs actives dans les logs :

🚨 Recherche d’activité suspecte :

🔎 Failed password dans /var/log/nginx/access.log :

🔎 Invalid user dans /var/log/nginx/access.log :

🔎 authentication failure dans /var/log/nginx/access.log :

🔎 Did not receive identification string dans /var/log/nginx/access.log :

🔎 possible break-in attempt dans /var/log/nginx/access.log :

🔎 403 dans /var/log/nginx/access.log :

🔎 404 dans /var/log/nginx/access.log :

🔎 SQL syntax dans /var/log/nginx/access.log :

🔎 wp-login dans /var/log/nginx/access.log :
