🛡️ Rapport de sécurité – 09/07/2026 à 16h00
==========================================================

📌 Uptime et charge système :
 16:00:04 up 167 days, 21:52,  1 user,  load average: 3.23, 2.56, 2.39

📌 Connexions SSH actives :
root     ttyAMA0      Jan 24 10:24

📌 Derniers redémarrages :
reboot   system boot  6.1.0-37-arm64   Thu Jan 22 17:07   still running
reboot   system boot  6.1.0-37-arm64   Thu Jan 22 17:01   still running
reboot   system boot  6.1.0-37-arm64   Thu Jan 22 16:50   still running
reboot   system boot  6.1.0-37-arm64   Thu Jan 22 16:32   still running
reboot   system boot  6.1.0-37-arm64   Sun Dec  7 12:34   still running
reboot   system boot  6.1.0-37-arm64   Sat Dec  6 19:07   still running
reboot   system boot  6.1.0-37-arm64   Sat Dec  6 15:03   still running
reboot   system boot  6.1.0-37-arm64   Mon Oct 20 06:18   still running
reboot   system boot  6.1.0-37-arm64   Fri Oct 10 09:56   still running
reboot   system boot  6.1.0-37-arm64   Thu Oct  9 09:20   still running

📌 Utilisation disque :
Filesystem      Size  Used Avail Use% Mounted on
udev            940M     0  940M   0% /dev
tmpfs           198M 1012K  197M   1% /run
/dev/vda2        28G   27G     0 100% /
tmpfs           989M     0  989M   0% /dev/shm
tmpfs           5.0M     0  5.0M   0% /run/lock
/dev/vda1       512M  6.1M  506M   2% /boot/efi
overlay          28G   27G     0 100% /var/lib/docker/overlay2/c8a1d2e12effca01832468cef9a6c17f8dd37c14fad0c48cddd4fd0df289d136/merged
tmpfs           198M  4.0K  198M   1% /run/user/0
/dev/loop2       93M   93M     0 100% /snap/core/17288
/dev/loop5       62M   62M     0 100% /snap/core24/1588
/dev/loop0       69M   69M     0 100% /snap/certbot/5529
/dev/loop3       93M   93M     0 100% /snap/core/17290
/dev/loop6       43M   43M     0 100% /snap/snapd/26869
/dev/loop7       69M   69M     0 100% /snap/certbot/5604
/dev/loop8       62M   62M     0 100% /snap/core24/1644
/dev/loop1       44M   44M     0 100% /snap/snapd/27407

📌 Utilisation mémoire (RAM + Swap) :
               total        used        free      shared  buff/cache   available
Mem:           1.9Gi       353Mi       136Mi       904Ki       1.5Gi       1.6Gi
Swap:          975Mi       370Mi       605Mi

📌 Détail mémoire :
RAM utilisée : 387 MiB / 1977 MiB (19.58%)
SWAP utilisée : 370 MiB / 975 MiB (37.95%)

📌 Top 10 processus utilisant le plus de RAM :
USER         PID %MEM   RSS COMMAND
root      109131  4.7 96244 npm install
jonathan  109123  2.8 57044 npm run dev --h
jonathan  109112  2.8 56968 npm run preview
root       54064  2.4 49188 systemd-journal
root     3839209  2.3 47220 snapd
root     1262233  1.3 26668 dockerd
999      1268356  0.8 17628 mysqld
root         720  0.7 14704 containerd
root     1268259  0.6 12180 containerd-shim
root     3625758  0.4  9120 systemd

📌 Nombre total de processus par utilisateur (top 5) :
     98 root
      2 jonathan
      1 systemd-timesync
      1 messagebus
      1 999

📌 Consommation mémoire par type de processus :
systemd-journal      : 2.40%
snapd                : 2.30%
dockerd              : 1.30%
systemd              : 0.80%
mysqld               : 0.80%
containerd           : 0.70%
containerd-shim      : 0.60%
systemd-logind       : 0.30%
sshd                 : 0.20%
systemd-udevd        : 0.10%
systemd-timesyn      : 0.10%
su                   : 0.10%
ps                   : 0.10%
dbus-daemon          : 0.10%
cron                 : 0.10%

📌 Top processus gourmands CPU :
USER         PID %CPU %MEM    VSZ   RSS TTY      STAT START   TIME COMMAND
root      109131  111  4.7 1075020 96300 ?       Rsl  16:00   0:02 npm install
root      109190  100  0.1   8156  3720 ?        R    16:00   0:00 ps aux --sort=-%cpu
jonathan  109123 17.5  2.8 782716 57044 ?        Dsl  16:00   0:00 npm run dev --host 0.0.0.0 --port 5173
jonathan  109112  8.7  2.8 782716 56968 ?        Dsl  16:00   0:00 npm run preview --host --port 5173
999      1268356  1.2  0.8 1739820 17628 ?       Ssl  Jan24 3072:42 mysqld
root           1  0.7  0.4 169116  8640 ?        Ss   Jan22 1763:22 /sbin/init
root      109149  0.6  0.1   3792  2784 ?        S    16:00   0:00 /bin/bash ./analyser_logs.sh
root          14  0.3  0.0      0     0 ?        I    Jan22 767:27 [rcu_sched]
root       54064  0.3  2.4  82556 49188 ?        Ss   14:30   0:16 /lib/systemd/systemd-journald

📌 Ports ouverts (hors localhost) :
Netid State  Recv-Q Send-Q Local Address:Port  Peer Address:PortProcess
udp   UNCONN 0      0            0.0.0.0:68         0.0.0.0:*          
tcp   LISTEN 0      128          0.0.0.0:22         0.0.0.0:*          
tcp   LISTEN 0      128             [::]:22            [::]:*          

📌 Services en échec :
  UNIT                       LOAD   ACTIVE SUB    DESCRIPTION
* mariadb.service            loaded failed failed MariaDB 10.11.11 database server
* nginx.service              loaded failed failed A high performance web server and a reverse proxy server
* snap.certbot.renew.service loaded failed failed Service for snap application certbot.renew
* snapd.seeded.service       loaded failed failed Wait until snapd is fully seeded

LOAD   = Reflects whether the unit definition was properly loaded.
ACTIVE = The high-level unit activation state, i.e. generalization of SUB.
SUB    = The low-level unit activation state, values depend on unit type.
4 loaded units listed.

📌 Derniers paquets installés :

📌 Utilisateurs système :
_apt
backup
bin
daemon
games
irc
jonathan
list
lp
mail
man
messagebus
mysql
news
nobody
proxy
root
sshd
sync
sys
systemd-network
systemd-timesync
uucp
www-data

📌 Utilisateurs autorisés sudo :
sudo:x:27:

📌 Tentatives sudo échouées :

📌 Vérification des logs web (Nginx/Apache/autres) :
⚠️ /var/log/nginx/access.log est vide.
❌ /var/log/apache2/access.log est introuvable.
❌ /var/www/sarahHasaera/logs/access.log est introuvable.

📌 IPs actives dans les logs :

🚨 Recherche d’activité suspecte :

🔎 Failed password dans /var/log/nginx/access.log :

🔎 Invalid user dans /var/log/nginx/access.log :

🔎 authentication failure dans /var/log/nginx/access.log :

🔎 Did not receive identification string dans /var/log/nginx/access.log :

🔎 possible break-in attempt dans /var/log/nginx/access.log :

🔎 403 dans /var/log/nginx/access.log :

🔎 404 dans /var/log/nginx/access.log :

🔎 SQL syntax dans /var/log/nginx/access.log :

🔎 wp-login dans /var/log/nginx/access.log :
