🛡️ Rapport de sécurité – 16/04/2026 à 15h00
==========================================================

📌 Uptime et charge système :
 15:00:05 up 83 days, 20:52,  1 user,  load average: 4.03, 4.51, 3.89

📌 Connexions SSH actives :
root     ttyAMA0      Jan 24 10:24

📌 Derniers redémarrages :
reboot   system boot  6.1.0-37-arm64   Thu Jan 22 17:07   still running
reboot   system boot  6.1.0-37-arm64   Thu Jan 22 17:01   still running
reboot   system boot  6.1.0-37-arm64   Thu Jan 22 16:50   still running
reboot   system boot  6.1.0-37-arm64   Thu Jan 22 16:32   still running
reboot   system boot  6.1.0-37-arm64   Sun Dec  7 12:34   still running
reboot   system boot  6.1.0-37-arm64   Sat Dec  6 19:07   still running
reboot   system boot  6.1.0-37-arm64   Sat Dec  6 15:03   still running
reboot   system boot  6.1.0-37-arm64   Mon Oct 20 06:18   still running
reboot   system boot  6.1.0-37-arm64   Fri Oct 10 09:56   still running
reboot   system boot  6.1.0-37-arm64   Thu Oct  9 09:20   still running

📌 Utilisation disque :
Filesystem      Size  Used Avail Use% Mounted on
udev            940M     0  940M   0% /dev
tmpfs           198M 1012K  197M   1% /run
/dev/vda2        28G   26G  1.1G  97% /
tmpfs           989M     0  989M   0% /dev/shm
tmpfs           5.0M     0  5.0M   0% /run/lock
/dev/vda1       512M  6.1M  506M   2% /boot/efi
overlay          28G   26G  1.1G  97% /var/lib/docker/overlay2/c8a1d2e12effca01832468cef9a6c17f8dd37c14fad0c48cddd4fd0df289d136/merged
/dev/loop7       42M   42M     0 100% /snap/snapd/25939
/dev/loop6       93M   93M     0 100% /snap/core/17276
tmpfs           198M  4.0K  198M   1% /run/user/0
/dev/loop1       62M   62M     0 100% /snap/core24/1500
/dev/loop8       68M   68M     0 100% /snap/certbot/5452
/dev/loop2       93M   93M     0 100% /snap/core/17288
/dev/loop4       42M   42M     0 100% /snap/snapd/26383
/dev/loop5       62M   62M     0 100% /snap/core24/1588
/dev/loop0       69M   69M     0 100% /snap/certbot/5529

📌 Utilisation mémoire (RAM + Swap) :
               total        used        free      shared  buff/cache   available
Mem:           1.9Gi       384Mi       158Mi       896Ki       1.5Gi       1.6Gi
Swap:          975Mi       372Mi       603Mi

📌 Détail mémoire :
RAM utilisée : 388 MiB / 1977 MiB (19.63%)
SWAP utilisée : 372 MiB / 975 MiB (38.15%)

📌 Top 10 processus utilisant le plus de RAM :
USER         PID %MEM   RSS COMMAND
root     2466028  3.7 75868 npm install
jonathan 2466039  3.0 61468 npm run dev --h
root     2457695  2.8 58076 python3
jonathan 2466061  1.9 39164 node
root     2320128  1.3 27720 snapd
root     1262233  1.3 26588 dockerd
999      1268356  0.9 19936 mysqld
root     2462539  0.7 16172 systemd-journal
root         720  0.7 14788 containerd
root     1268259  0.5 12132 containerd-shim

📌 Nombre total de processus par utilisateur (top 5) :
    101 root
      4 jonathan
      1 systemd-timesync
      1 messagebus
      1 999

📌 Consommation mémoire par type de processus :
node                 : 4.00%
python3              : 2.80%
snapd                : 1.30%
dockerd              : 1.30%
mysqld               : 0.90%
systemd              : 0.80%
systemd-journal      : 0.70%
containerd           : 0.70%
containerd-shim      : 0.50%
systemd-logind       : 0.30%
sshd                 : 0.20%
systemd-udevd        : 0.10%
systemd-timesyn      : 0.10%
su                   : 0.10%
ps                   : 0.10%

📌 Top processus gourmands CPU :
USER         PID %CPU %MEM    VSZ   RSS TTY      STAT START   TIME COMMAND
root     2466028 88.2  3.9 870640 79928 ?        Rsl  15:00   0:00 npm install
jonathan 2466039 55.8  3.0 849232 61468 ?        Ssl  15:00   0:00 npm run dev --host 0.0.0.0 --port 5173
jonathan 2466092 47.3  2.1 481728 42888 ?        Rsl  15:00   0:00 npm
jonathan 2466061 43.3  2.3 487860 48260 ?        Rl   15:00   0:00 node /usr/bin/vite --host 0.0.0.0 --port 5173
root     2466110 33.3  0.2   9124  4384 ?        R    15:00   0:00 ps aux --sort=-%cpu
root     2466054  2.9  0.1   3792  2784 ?        S    15:00   0:00 /bin/bash ./analyser_logs.sh
999      1268356  1.2  0.9 1739820 19936 ?       Ssl  Jan24 1519:27 mysqld
root           1  0.7  0.4 168924  8460 ?        Ss   Jan22 883:30 /sbin/init
root     2457695  0.6  2.8 107940 58076 ?        Ss   14:48   0:04 /snap/certbot/5529/bin/python3 -s /snap/certbot/5529/bin/certbot -q renew

📌 Ports ouverts (hors localhost) :
Netid State  Recv-Q Send-Q Local Address:Port  Peer Address:PortProcess
udp   UNCONN 0      0            0.0.0.0:68         0.0.0.0:*          
tcp   LISTEN 0      128          0.0.0.0:22         0.0.0.0:*          
tcp   LISTEN 0      128             [::]:22            [::]:*          

📌 Services en échec :
  UNIT                 LOAD   ACTIVE SUB    DESCRIPTION
* mariadb.service      loaded failed failed MariaDB 10.11.11 database server
* nginx.service        loaded failed failed A high performance web server and a reverse proxy server
* snapd.seeded.service loaded failed failed Wait until snapd is fully seeded

LOAD   = Reflects whether the unit definition was properly loaded.
ACTIVE = The high-level unit activation state, i.e. generalization of SUB.
SUB    = The low-level unit activation state, values depend on unit type.
3 loaded units listed.

📌 Derniers paquets installés :

📌 Utilisateurs système :
_apt
backup
bin
daemon
games
irc
jonathan
list
lp
mail
man
messagebus
mysql
news
nobody
proxy
root
sshd
sync
sys
systemd-network
systemd-timesync
uucp
www-data

📌 Utilisateurs autorisés sudo :
sudo:x:27:

📌 Tentatives sudo échouées :

📌 Vérification des logs web (Nginx/Apache/autres) :
⚠️ /var/log/nginx/access.log est vide.
❌ /var/log/apache2/access.log est introuvable.
❌ /var/www/sarahHasaera/logs/access.log est introuvable.

📌 IPs actives dans les logs :

🚨 Recherche d’activité suspecte :

🔎 Failed password dans /var/log/nginx/access.log :

🔎 Invalid user dans /var/log/nginx/access.log :

🔎 authentication failure dans /var/log/nginx/access.log :

🔎 Did not receive identification string dans /var/log/nginx/access.log :

🔎 possible break-in attempt dans /var/log/nginx/access.log :

🔎 403 dans /var/log/nginx/access.log :

🔎 404 dans /var/log/nginx/access.log :

🔎 SQL syntax dans /var/log/nginx/access.log :

🔎 wp-login dans /var/log/nginx/access.log :
